Archive member included to satisfy reference by file (symbol)

.\CortexM3\ARM_GCC_541\Debug\Counter01.a(Counter_1.o)
                              .\CortexM3\ARM_GCC_541\Debug\main.o (Counter_1_WriteCounter)
.\CortexM3\ARM_GCC_541\Debug\Counter01.a(CharLCD_1.o)
                              .\CortexM3\ARM_GCC_541\Debug\main.o (CharLCD_1_WriteControl)
.\CortexM3\ARM_GCC_541\Debug\Counter01.a(CharLCD_1_CustChars.o)
                              .\CortexM3\ARM_GCC_541\Debug\Counter01.a(CharLCD_1.o) (CharLCD_1_customFonts)
.\CortexM3\ARM_GCC_541\Debug\Counter01.a(CounterISR.o)
                              .\CortexM3\ARM_GCC_541\Debug\main.o (CounterISR_StartEx)
.\CortexM3\ARM_GCC_541\Debug\Counter01.a(CyLib.o)
                              .\CortexM3\ARM_GCC_541\Debug\Cm3Start.o (CyResetStatus)
.\CortexM3\ARM_GCC_541\Debug\Counter01.a(cyPm.o)
                              .\CortexM3\ARM_GCC_541\Debug\Counter01.a(CyLib.o) (CyPmReadStatus)
.\CortexM3\ARM_GCC_541\Debug\Counter01.a(cyutils.o)
                              .\CortexM3\ARM_GCC_541\Debug\Counter01.a(Counter_1.o) (CySetReg24)
.\CortexM3\ARM_GCC_541\Debug\Counter01.a(CyBootAsmGnu.o)
                              .\CortexM3\ARM_GCC_541\Debug\cyfitter_cfg.o (CyDelayCycles)
.\CortexM3\ARM_GCC_541\Debug\Counter01.a(CyFlash.o)
                              .\CortexM3\ARM_GCC_541\Debug\Counter01.a(cyPm.o) (CyFlash_SetWaitCycles)
.\CortexM3\ARM_GCC_541\Debug\Counter01.a(CySpc.o)
                              .\CortexM3\ARM_GCC_541\Debug\Counter01.a(CyFlash.o) (CySpcStart)
c:/program files (x86)/cypress/psoc creator/4.2/psoc creator/import/gnu/arm/5.4.1/bin/../lib/gcc/arm-none-eabi/5.4.1/armv7-m\libgcc.a(_arm_addsubdf3.o)
                              .\CortexM3\ARM_GCC_541\Debug\main.o (__aeabi_ui2d)
c:/program files (x86)/cypress/psoc creator/4.2/psoc creator/import/gnu/arm/5.4.1/bin/../lib/gcc/arm-none-eabi/5.4.1/armv7-m\libgcc.a(_arm_muldivdf3.o)
                              .\CortexM3\ARM_GCC_541\Debug\main.o (__aeabi_dmul)
c:/program files (x86)/cypress/psoc creator/4.2/psoc creator/import/gnu/arm/5.4.1/bin/../lib/gcc/arm-none-eabi/5.4.1/armv7-m\libgcc.a(_arm_fixdfsi.o)
                              .\CortexM3\ARM_GCC_541\Debug\main.o (__aeabi_d2iz)
c:/program files (x86)/cypress/psoc creator/4.2/psoc creator/import/gnu/arm/5.4.1/bin/../lib/gcc/arm-none-eabi/5.4.1/../../../../arm-none-eabi/lib/armv7-m\libg_nano.a(lib_a-errno.o)
                              .\CortexM3\ARM_GCC_541\Debug\Cm3Start.o (__errno)
c:/program files (x86)/cypress/psoc creator/4.2/psoc creator/import/gnu/arm/5.4.1/bin/../lib/gcc/arm-none-eabi/5.4.1/../../../../arm-none-eabi/lib/armv7-m\libg_nano.a(lib_a-exit.o)
                              c:/program files (x86)/cypress/psoc creator/4.2/psoc creator/import/gnu/arm/5.4.1/bin/../lib/gcc/arm-none-eabi/5.4.1/../../../../arm-none-eabi/lib/armv7-m/crt0.o (exit)
c:/program files (x86)/cypress/psoc creator/4.2/psoc creator/import/gnu/arm/5.4.1/bin/../lib/gcc/arm-none-eabi/5.4.1/../../../../arm-none-eabi/lib/armv7-m\libg_nano.a(lib_a-impure.o)
                              c:/program files (x86)/cypress/psoc creator/4.2/psoc creator/import/gnu/arm/5.4.1/bin/../lib/gcc/arm-none-eabi/5.4.1/../../../../arm-none-eabi/lib/armv7-m\libg_nano.a(lib_a-exit.o) (_global_impure_ptr)
c:/program files (x86)/cypress/psoc creator/4.2/psoc creator/import/gnu/arm/5.4.1/bin/../lib/gcc/arm-none-eabi/5.4.1/../../../../arm-none-eabi/lib/armv7-m\libg_nano.a(lib_a-init.o)
                              c:/program files (x86)/cypress/psoc creator/4.2/psoc creator/import/gnu/arm/5.4.1/bin/../lib/gcc/arm-none-eabi/5.4.1/../../../../arm-none-eabi/lib/armv7-m/crt0.o (__libc_init_array)
c:/program files (x86)/cypress/psoc creator/4.2/psoc creator/import/gnu/arm/5.4.1/bin/../lib/gcc/arm-none-eabi/5.4.1/../../../../arm-none-eabi/lib/armv7-m\libg_nano.a(lib_a-memcpy-stub.o)
                              .\CortexM3\ARM_GCC_541\Debug\cyfitter_cfg.o (memcpy)
c:/program files (x86)/cypress/psoc creator/4.2/psoc creator/import/gnu/arm/5.4.1/bin/../lib/gcc/arm-none-eabi/5.4.1/../../../../arm-none-eabi/lib/armv7-m\libg_nano.a(lib_a-memset.o)
                              c:/program files (x86)/cypress/psoc creator/4.2/psoc creator/import/gnu/arm/5.4.1/bin/../lib/gcc/arm-none-eabi/5.4.1/../../../../arm-none-eabi/lib/armv7-m/crt0.o (memset)
c:/program files (x86)/cypress/psoc creator/4.2/psoc creator/import/gnu/arm/5.4.1/bin/../lib/gcc/arm-none-eabi/5.4.1/../../../../arm-none-eabi/lib/armv7-m\libg_nano.a(lib_a-sprintf.o)
                              .\CortexM3\ARM_GCC_541\Debug\main.o (sprintf)
c:/program files (x86)/cypress/psoc creator/4.2/psoc creator/import/gnu/arm/5.4.1/bin/../lib/gcc/arm-none-eabi/5.4.1/../../../../arm-none-eabi/lib/armv7-m\libg_nano.a(lib_a-nano-svfprintf.o)
[...]
Memory Configuration

Name             Origin             Length             Attributes
rom              0x00000000         0x00040000         xr
ram              0x1fff8000         0x00010000         xrw
*default*        0x00000000         0xffffffff

Linker script and memory map

LOAD c:/program files (x86)/cypress/psoc creator/4.2/psoc creator/import/gnu/arm/5.4.1/bin/../lib/gcc/arm-none-eabi/5.4.1/armv7-m/crti.o
LOAD c:/program files (x86)/cypress/psoc creator/4.2/psoc creator/import/gnu/arm/5.4.1/bin/../lib/gcc/arm-none-eabi/5.4.1/armv7-m/crtbegin.o
LOAD c:/program files (x86)/cypress/psoc creator/4.2/psoc creator/import/gnu/arm/5.4.1/bin/../lib/gcc/arm-none-eabi/5.4.1/../../../../arm-none-eabi/lib/armv7-m/crt0.o
START GROUP
LOAD .\CortexM3\ARM_GCC_541\Debug\main.o
LOAD .\CortexM3\ARM_GCC_541\Debug\cyfitter_cfg.o
LOAD .\CortexM3\ARM_GCC_541\Debug\cymetadata.o
LOAD .\CortexM3\ARM_GCC_541\Debug\Cm3Start.o
LOAD .\CortexM3\ARM_GCC_541\Debug\Counter01.a
LOAD C:\Program Files (x86)\Cypress\PSoC Creator\4.2\PSoC Creator\psoc\content\cycomponentlibrary\CyComponentLibrary.cylib\CortexM3\ARM_GCC_541\Debug\CyComponentLibrary.a
END GROUP
START GROUP
LOAD c:/program files (x86)/cypress/psoc creator/4.2/psoc creator/import/gnu/arm/5.4.1/bin/../lib/gcc/arm-none-eabi/5.4.1/armv7-m\libgcc.a
LOAD c:/program files (x86)/cypress/psoc creator/4.2/psoc creator/import/gnu/arm/5.4.1/bin/../lib/gcc/arm-none-eabi/5.4.1/../../../../arm-none-eabi/lib/armv7-m\libg_nano.a
LOAD c:/program files (x86)/cypress/psoc creator/4.2/psoc creator/import/gnu/arm/5.4.1/bin/../lib/gcc/arm-none-eabi/5.4.1/../../../../arm-none-eabi/lib/armv7-m\libc_nano.a
END GROUP
START GROUP
LOAD c:/program files (x86)/cypress/psoc creator/4.2/psoc creator/import/gnu/arm/5.4.1/bin/../lib/gcc/arm-none-eabi/5.4.1/armv7-m\libgcc.a
LOAD c:/program files (x86)/cypress/psoc creator/4.2/psoc creator/import/gnu/arm/5.4.1/bin/../lib/gcc/arm-none-eabi/5.4.1/../../../../arm-none-eabi/lib/armv7-m\libc_nano.a
END GROUP
LOAD c:/program files (x86)/cypress/psoc creator/4.2/psoc creator/import/gnu/arm/5.4.1/bin/../lib/gcc/arm-none-eabi/5.4.1/armv7-m/crtend.o
LOAD c:/program files (x86)/cypress/psoc creator/4.2/psoc creator/import/gnu/arm/5.4.1/bin/../lib/gcc/arm-none-eabi/5.4.1/armv7-m/crtn.o
START GROUP
LOAD c:/program files (x86)/cypress/psoc creator/4.2/psoc creator/import/gnu/arm/5.4.1/bin/../lib/gcc/arm-none-eabi/5.4.1/armv7-m\libgcc.a
LOAD c:/program files (x86)/cypress/psoc creator/4.2/psoc creator/import/gnu/arm/5.4.1/bin/../lib/gcc/arm-none-eabi/5.4.1/../../../../arm-none-eabi/lib/armv7-m\libc.a
LOAD c:/program files (x86)/cypress/psoc creator/4.2/psoc creator/import/gnu/arm/5.4.1/bin/../lib/gcc/arm-none-eabi/5.4.1/../../../../arm-none-eabi/lib/armv7-m\libnosys.a
END GROUP
                0x00000000                CY_APPL_ORIGIN = 0x0
                0x00000100                CY_FLASH_ROW_SIZE = 0x100
                0x00000020                CY_ECC_ROW_SIZE = 0x20
                0x00000000                CY_EE_IN_BTLDR = 0x0
                0x00000000                CY_APPL_LOADABLE = 0x0
                0x00000800                CY_EE_SIZE = 0x800
                0x00000001                CY_APPL_NUM = 0x1
                0x00000001                CY_APPL_MAX = 0x1
                0x00000040                CY_METADATA_SIZE = 0x40
                0x00000000                CY_APPL_LOADABLE = 0x0
                0x00000000                CY_CHECKSUM_EXCLUDE_SIZE = ALIGN (0x0, CY_FLASH_ROW_SIZE)
                [!provide]                PROVIDE (__cy_heap_start, _end)
                0x00000001                PROVIDE (__cy_region_num, ((__cy_regions_end - __cy_regions) / 0x10))
                0x20008000                PROVIDE (__cy_stack, (ORIGIN (ram) + LENGTH (ram)))
                [!provide]                PROVIDE (__cy_heap_end, (__cy_stack - 0x800))

.cybootloader   0x00000000        0x0
 *(.cybootloader)
                0x00000000                appl1_start = CY_APPL_ORIGIN?CY_APPL_ORIGIN:ALIGN (CY_FLASH_ROW_SIZE)
                0x0001ff00                appl2_start = (appl1_start + ALIGN ((((LENGTH (rom) - appl1_start) - (0x2 * CY_FLASH_ROW_SIZE)) / 0x2), CY_FLASH_ROW_SIZE))
                0x00000000                appl_start = (CY_APPL_NUM == 0x1)?appl1_start:appl2_start
                0x00000000                ecc_offset = ((appl_start / CY_FLASH_ROW_SIZE) * CY_ECC_ROW_SIZE)
                0x00000000                ee_offset = (CY_APPL_LOADABLE && ! (CY_EE_IN_BTLDR))?((CY_EE_SIZE / CY_APPL_MAX) * (CY_APPL_NUM - 0x1)):0x0
                0x00000800                ee_size = (CY_APPL_LOADABLE && ! (CY_EE_IN_BTLDR))?(CY_EE_SIZE / CY_APPL_MAX):CY_EE_SIZE
                [!provide]                PROVIDE (CY_ECC_OFFSET, ecc_offset)

.text           0x00000000     0x2170
 CREATE_OBJECT_SYMBOLS
                0x00000000                PROVIDE (__cy_interrupt_vector, RomVectors)
 *(.romvectors)
 .romvectors    0x00000000       0x10 .\CortexM3\ARM_GCC_541\Debug\Cm3Start.o
                0x00000000                RomVectors
                0x00000001                ASSERT ((. != __cy_interrupt_vector), No interrupt vector)
                0x00000001                ASSERT (CY_APPL_ORIGIN?(SIZEOF (.cybootloader) <= CY_APPL_ORIGIN):0x1, Wrong image location)
                0x00000010                PROVIDE (__cy_reset, Reset)
 *(.text.Reset)
 .text.Reset    0x00000010       0x18 .\CortexM3\ARM_GCC_541\Debug\Cm3Start.o
                0x00000010                Reset
                0x00000001                ASSERT ((. != __cy_reset), No reset code)
 *(.dma_init)
 .dma_init      0x00000028      0x198 .\CortexM3\ARM_GCC_541\Debug\cyfitter_cfg.o
                0x00000001                ASSERT ((((appl_start + .) <= 0x10000) || 0x0), DMA Init must be within the first 64k of flash)
 *(.text .text.* .gnu.linkonce.t.*)
 .text          0x000001c0       0x5c c:/program files (x86)/cypress/psoc creator/4.2/psoc creator/import/gnu/arm/5.4.1/bin/../lib/gcc/arm-none-eabi/5.4.1/armv7-m/crtbegin.o
 .text.counterInterrupt
                0x0000021c       0x24 .\CortexM3\ARM_GCC_541\Debug\main.o
                0x0000021c                counterInterrupt
 .text.main     0x00000240       0xe4 .\CortexM3\ARM_GCC_541\Debug\main.o
                0x00000240                main
 .text.CYCONFIGCPY
                0x00000324       0x20 .\CortexM3\ARM_GCC_541\Debug\cyfitter_cfg.o
 .text.CyClockStartupError
                0x00000344        0xc .\CortexM3\ARM_GCC_541\Debug\cyfitter_cfg.o
 .text.cfg_dma_init
                0x00000350      0x174 .\CortexM3\ARM_GCC_541\Debug\cyfitter_cfg.o
 .text.ClockSetup
                0x000004c4      0x100 .\CortexM3\ARM_GCC_541\Debug\cyfitter_cfg.o
 .text.AnalogSetDefault
                0x000005c4       0x44 .\CortexM3\ARM_GCC_541\Debug\cyfitter_cfg.o
 .text.cyfitter_cfg
                0x00000608      0x100 .\CortexM3\ARM_GCC_541\Debug\cyfitter_cfg.o
                0x00000608                cyfitter_cfg
 .text.IntDefaultHandler
                0x00000708       0x14 .\CortexM3\ARM_GCC_541\Debug\Cm3Start.o
                0x00000708                IntDefaultHandler
 .text._sbrk    0x0000071c       0x50 .\CortexM3\ARM_GCC_541\Debug\Cm3Start.o
                0x0000071c                _sbrk
 .text.Start_c  0x0000076c       0x98 .\CortexM3\ARM_GCC_541\Debug\Cm3Start.o
                0x0000076c                Start_c
 .text.initialize_psoc
                0x00000804       0x90 .\CortexM3\ARM_GCC_541\Debug\Cm3Start.o
                0x00000804                initialize_psoc
 .text.Counter_1_Init
                0x00000894       0x80 .\CortexM3\ARM_GCC_541\Debug\Counter01.a(Counter_1.o)
                0x00000894                Counter_1_Init
 .text.Counter_1_Enable
                0x00000914       0x20 .\CortexM3\ARM_GCC_541\Debug\Counter01.a(Counter_1.o)
                0x00000914                Counter_1_Enable
 .text.Counter_1_Start
                0x00000934       0x24 .\CortexM3\ARM_GCC_541\Debug\Counter01.a(Counter_1.o)
                0x00000934                Counter_1_Start
 .text.Counter_1_SetInterruptMode
                0x00000958       0x20 .\CortexM3\ARM_GCC_541\Debug\Counter01.a(Counter_1.o)
                0x00000958                Counter_1_SetInterruptMode
 .text.Counter_1_ReadStatusRegister
                0x00000978       0x18 .\CortexM3\ARM_GCC_541\Debug\Counter01.a(Counter_1.o)
                0x00000978                Counter_1_ReadStatusRegister
 .text.Counter_1_WriteCounter
                0x00000990       0x1c .\CortexM3\ARM_GCC_541\Debug\Counter01.a(Counter_1.o)
                0x00000990                Counter_1_WriteCounter
 .text.Counter_1_ReadCounter
                0x000009ac       0x20 .\CortexM3\ARM_GCC_541\Debug\Counter01.a(Counter_1.o)
                0x000009ac                Counter_1_ReadCounter
 .text.Counter_1_ReadCapture
                0x000009cc       0x18 .\CortexM3\ARM_GCC_541\Debug\Counter01.a(Counter_1.o)
                0x000009cc                Counter_1_ReadCapture
 .text.Counter_1_WritePeriod
                0x000009e4       0x1c .\CortexM3\ARM_GCC_541\Debug\Counter01.a(Counter_1.o)
                0x000009e4                Counter_1_WritePeriod
 .text.Counter_1_WriteCompare
                0x00000a00       0x1c .\CortexM3\ARM_GCC_541\Debug\Counter01.a(Counter_1.o)
                0x00000a00                Counter_1_WriteCompare
 .text.Counter_1_ClearFIFO
                0x00000a1c       0x1c .\CortexM3\ARM_GCC_541\Debug\Counter01.a(Counter_1.o)
                0x00000a1c                Counter_1_ClearFIFO
 .text.CharLCD_1_Init
                0x00000a38       0x78 .\CortexM3\ARM_GCC_541\Debug\Counter01.a(CharLCD_1.o)
                0x00000a38                CharLCD_1_Init
 .text.CharLCD_1_Enable
                0x00000ab0       0x18 .\CortexM3\ARM_GCC_541\Debug\Counter01.a(CharLCD_1.o)
                0x00000ab0                CharLCD_1_Enable
 .text.CharLCD_1_Start
                0x00000ac8       0x24 .\CortexM3\ARM_GCC_541\Debug\Counter01.a(CharLCD_1.o)
                0x00000ac8                CharLCD_1_Start
 .text.CharLCD_1_Position
                0x00000aec       0x70 .\CortexM3\ARM_GCC_541\Debug\Counter01.a(CharLCD_1.o)
                0x00000aec                CharLCD_1_Position
 .text.CharLCD_1_PrintString
                0x00000b5c       0x3c .\CortexM3\ARM_GCC_541\Debug\Counter01.a(CharLCD_1.o)
                0x00000b5c                CharLCD_1_PrintString
 .text.CharLCD_1_WriteData
                0x00000b98       0x34 .\CortexM3\ARM_GCC_541\Debug\Counter01.a(CharLCD_1.o)
                0x00000b98                CharLCD_1_WriteData
 .text.CharLCD_1_WriteControl
                0x00000bcc       0x34 .\CortexM3\ARM_GCC_541\Debug\Counter01.a(CharLCD_1.o)
                0x00000bcc                CharLCD_1_WriteControl
 .text.CharLCD_1_IsReady
                0x00000c00      0x178 .\CortexM3\ARM_GCC_541\Debug\Counter01.a(CharLCD_1.o)
                0x00000c00                CharLCD_1_IsReady
 .text.CharLCD_1_WrDatNib
                0x00000d78       0x78 .\CortexM3\ARM_GCC_541\Debug\Counter01.a(CharLCD_1.o)
 .text.CharLCD_1_WrCntrlNib
                0x00000df0       0x64 .\CortexM3\ARM_GCC_541\Debug\Counter01.a(CharLCD_1.o)
 .text.CharLCD_1_PrintU32Number
                0x00000e54       0xa4 .\CortexM3\ARM_GCC_541\Debug\Counter01.a(CharLCD_1.o)
                0x00000e54                CharLCD_1_PrintU32Number
 .text.CharLCD_1_LoadCustomFonts
                0x00000ef8       0x44 .\CortexM3\ARM_GCC_541\Debug\Counter01.a(CharLCD_1_CustChars.o)
                0x00000ef8                CharLCD_1_LoadCustomFonts
 .text.CounterISR_StartEx
                0x00000f3c       0x24 .\CortexM3\ARM_GCC_541\Debug\Counter01.a(CounterISR.o)
                0x00000f3c                CounterISR_StartEx
 .text.CounterISR_SetVector
                0x00000f60       0x24 .\CortexM3\ARM_GCC_541\Debug\Counter01.a(CounterISR.o)
                0x00000f60                CounterISR_SetVector
 .text.CounterISR_SetPriority
                0x00000f84       0x24 .\CortexM3\ARM_GCC_541\Debug\Counter01.a(CounterISR.o)
                0x00000f84                CounterISR_SetPriority
 .text.CounterISR_Enable
                0x00000fa8       0x18 .\CortexM3\ARM_GCC_541\Debug\Counter01.a(CounterISR.o)
                0x00000fa8                CounterISR_Enable
 .text.CounterISR_Disable
                0x00000fc0       0x18 .\CortexM3\ARM_GCC_541\Debug\Counter01.a(CounterISR.o)
                0x00000fc0                CounterISR_Disable
 .text.CyDelay  0x00000fd8       0x44 .\CortexM3\ARM_GCC_541\Debug\Counter01.a(CyLib.o)
                0x00000fd8                CyDelay
 .text.CyDelayUs
                0x0000101c       0x28 .\CortexM3\ARM_GCC_541\Debug\Counter01.a(CyLib.o)
                0x0000101c                CyDelayUs
 .text.CySetReg24
                0x00001044       0x38 .\CortexM3\ARM_GCC_541\Debug\Counter01.a(cyutils.o)
                0x00001044                CySetReg24
 *fill*         0x0000107c        0x4 
 .text          0x00001080       0x54 .\CortexM3\ARM_GCC_541\Debug\Counter01.a(CyBootAsmGnu.o)
                0x00001080                CyDelayCycles
                0x000010be                CyEnterCriticalSection
                0x000010c6                CyExitCriticalSection
 .text          0x000010d4      0x370 c:/program files (x86)/cypress/psoc creator/4.2/psoc creator/import/gnu/arm/5.4.1/bin/../lib/gcc/arm-none-eabi/5.4.1/armv7-m\libgcc.a(_arm_addsubdf3.o)
                0x000010d4                __aeabi_drsub
                0x000010dc                __aeabi_dsub
                0x000010dc                __subdf3
                0x000010e0                __aeabi_dadd
                0x000010e0                __adddf3
                0x00001358                __floatunsidf
                0x00001358                __aeabi_ui2d
                0x00001378                __floatsidf
                0x00001378                __aeabi_i2d
                0x0000139c                __aeabi_f2d
                0x0000139c                __extendsfdf2
                0x000013d8                __floatundidf
                0x000013d8                __aeabi_ul2d
                0x000013e8                __floatdidf
                0x000013e8                __aeabi_l2d
 .text          0x00001444      0x424 c:/program files (x86)/cypress/psoc creator/4.2/psoc creator/import/gnu/arm/5.4.1/bin/../lib/gcc/arm-none-eabi/5.4.1/armv7-m\libgcc.a(_arm_muldivdf3.o)
                0x00001444                __aeabi_dmul
                0x00001444                __muldf3
                0x00001698                __divdf3
                0x00001698                __aeabi_ddiv
 .text          0x00001868       0x50 c:/program files (x86)/cypress/psoc creator/4.2/psoc creator/import/gnu/arm/5.4.1/bin/../lib/gcc/arm-none-eabi/5.4.1/armv7-m\libgcc.a(_arm_fixdfsi.o)
                0x00001868                __aeabi_d2iz
                0x00001868                __fixdfsi
 .text.__errno  0x000018b8        0xc c:/program files (x86)/cypress/psoc creator/4.2/psoc creator/import/gnu/arm/5.4.1/bin/../lib/gcc/arm-none-eabi/5.4.1/../../../../arm-none-eabi/lib/armv7-m\libg_nano.a(lib_a-errno.o)
                0x000018b8                __errno
 .text.__libc_init_array
                0x000018c4       0x4c c:/program files (x86)/cypress/psoc creator/4.2/psoc creator/import/gnu/arm/5.4.1/bin/../lib/gcc/arm-none-eabi/5.4.1/../../../../arm-none-eabi/lib/armv7-m\libg_nano.a(lib_a-init.o)
                0x000018c4                __libc_init_array
 .text.memcpy   0x00001910       0x16 c:/program files (x86)/cypress/psoc creator/4.2/psoc creator/import/gnu/arm/5.4.1/bin/../lib/gcc/arm-none-eabi/5.4.1/../../../../arm-none-eabi/lib/armv7-m\libg_nano.a(lib_a-memcpy-stub.o)
                0x00001910                memcpy
 *fill*         0x00001926        0x2 
 .text.sprintf  0x00001928       0x48 c:/program files (x86)/cypress/psoc creator/4.2/psoc creator/import/gnu/arm/5.4.1/bin/../lib/gcc/arm-none-eabi/5.4.1/../../../../arm-none-eabi/lib/armv7-m\libg_nano.a(lib_a-sprintf.o)
                0x00001928                siprintf
                0x00001928                sprintf
 .text.__ssputs_r
                0x00001970       0xb2 c:/program files (x86)/cypress/psoc creator/4.2/psoc creator/import/gnu/arm/5.4.1/bin/../lib/gcc/arm-none-eabi/5.4.1/../../../../arm-none-eabi/lib/armv7-m\libg_nano.a(lib_a-nano-svfprintf.o)
                0x00001970                __ssputs_r
 *fill*         0x00001a22        0x2 
 .text._svfprintf_r
                0x00001a24      0x1e8 c:/program files (x86)/cypress/psoc creator/4.2/psoc creator/import/gnu/arm/5.4.1/bin/../lib/gcc/arm-none-eabi/5.4.1/../../../../arm-none-eabi/lib/armv7-m\libg_nano.a(lib_a-nano-svfprintf.o)
                0x00001a24                _svfiprintf_r
                0x00001a24                _svfprintf_r
 .text._printf_common
                0x00001c0c       0xec c:/program files (x86)/cypress/psoc creator/4.2/psoc creator/import/gnu/arm/5.4.1/bin/../lib/gcc/arm-none-eabi/5.4.1/../../../../arm-none-eabi/lib/armv7-m\libg_nano.a(lib_a-nano-vfprintf_i.o)
                0x00001c0c                _printf_common
 .text._printf_i
                0x00001cf8      0x24c c:/program files (x86)/cypress/psoc creator/4.2/psoc creator/import/gnu/arm/5.4.1/bin/../lib/gcc/arm-none-eabi/5.4.1/../../../../arm-none-eabi/lib/armv7-m\libg_nano.a(lib_a-nano-vfprintf_i.o)
                0x00001cf8                _printf_i
 .text.memchr   0x00001f44       0x1c c:/program files (x86)/cypress/psoc creator/4.2/psoc creator/import/gnu/arm/5.4.1/bin/../lib/gcc/arm-none-eabi/5.4.1/../../../../arm-none-eabi/lib/armv7-m\libg_nano.a(lib_a-memchr-stub.o)
                0x00001f44                memchr
 .text.memmove  0x00001f60       0x36 c:/program files (x86)/cypress/psoc creator/4.2/psoc creator/import/gnu/arm/5.4.1/bin/../lib/gcc/arm-none-eabi/5.4.1/../../../../arm-none-eabi/lib/armv7-m\libg_nano.a(lib_a-memmove.o)
                0x00001f60                memmove
 *fill*         0x00001f96        0x2 
 .text._free_r  0x00001f98       0x98 c:/program files (x86)/cypress/psoc creator/4.2/psoc creator/import/gnu/arm/5.4.1/bin/../lib/gcc/arm-none-eabi/5.4.1/../../../../arm-none-eabi/lib/armv7-m\libg_nano.a(lib_a-nano-freer.o)
                0x00001f98                _free_r
 .text._malloc_r
                0x00002030       0xbc c:/program files (x86)/cypress/psoc creator/4.2/psoc creator/import/gnu/arm/5.4.1/bin/../lib/gcc/arm-none-eabi/5.4.1/../../../../arm-none-eabi/lib/armv7-m\libg_nano.a(lib_a-nano-mallocr.o)
                0x00002030                _malloc_r
 .text._realloc_r
                0x000020ec       0x4c c:/program files (x86)/cypress/psoc creator/4.2/psoc creator/import/gnu/arm/5.4.1/bin/../lib/gcc/arm-none-eabi/5.4.1/../../../../arm-none-eabi/lib/armv7-m\libg_nano.a(lib_a-nano-reallocr.o)
                0x000020ec                _realloc_r
 .text._sbrk_r  0x00002138       0x20 c:/program files (x86)/cypress/psoc creator/4.2/psoc creator/import/gnu/arm/5.4.1/bin/../lib/gcc/arm-none-eabi/5.4.1/../../../../arm-none-eabi/lib/armv7-m\libg_nano.a(lib_a-sbrkr.o)
                0x00002138                _sbrk_r
 .text.__malloc_lock
                0x00002158        0x2 c:/program files (x86)/cypress/psoc creator/4.2/psoc creator/import/gnu/arm/5.4.1/bin/../lib/gcc/arm-none-eabi/5.4.1/../../../../arm-none-eabi/lib/armv7-m\libg_nano.a(lib_a-mlock.o)
                0x00002158                __malloc_lock
 .text.__malloc_unlock
                0x0000215a        0x2 c:/program files (x86)/cypress/psoc creator/4.2/psoc creator/import/gnu/arm/5.4.1/bin/../lib/gcc/arm-none-eabi/5.4.1/../../../../arm-none-eabi/lib/armv7-m\libg_nano.a(lib_a-mlock.o)
                0x0000215a                __malloc_unlock
 .text._malloc_usable_size_r
                0x0000215c       0x14 c:/program files (x86)/cypress/psoc creator/4.2/psoc creator/import/gnu/arm/5.4.1/bin/../lib/gcc/arm-none-eabi/5.4.1/../../../../arm-none-eabi/lib/armv7-m\libg_nano.a(lib_a-nano-msizer.o)
                0x0000215c                _malloc_usable_size_r
 *(.plt)
 *(.gnu.warning)
 *(.glue_7t)
 .glue_7t       0x00002170        0x0 linker stubs
 *(.glue_7)
 .glue_7        0x00002170        0x0 linker stubs
 *(.vfp11_veneer)
 .vfp11_veneer  0x00002170        0x0 linker stubs
 *(.bootloader)
 *(.ARM.extab* .gnu.linkonce.armextab.*)
 *(.gcc_except_table)

.v4_bx          0x00002170        0x0
 .v4_bx         0x00002170        0x0 linker stubs

.iplt           0x00002170        0x0
 .iplt          0x00002170        0x0 c:/program files (x86)/cypress/psoc creator/4.2/psoc creator/import/gnu/arm/5.4.1/bin/../lib/gcc/arm-none-eabi/5.4.1/armv7-m/crtbegin.o

.eh_frame_hdr
 *(.eh_frame_hdr)

.eh_frame       0x00002170        0x4
 *(.eh_frame)
 .eh_frame      0x00002170        0x0 c:/program files (x86)/cypress/psoc creator/4.2/psoc creator/import/gnu/arm/5.4.1/bin/../lib/gcc/arm-none-eabi/5.4.1/armv7-m/crtbegin.o
 .eh_frame      0x00002170        0x4 c:/program files (x86)/cypress/psoc creator/4.2/psoc creator/import/gnu/arm/5.4.1/bin/../lib/gcc/arm-none-eabi/5.4.1/armv7-m/crtend.o
                [!provide]                PROVIDE (__exidx_start, .)

.ARM.exidx
 *(.ARM.exidx* .gnu.linkonce.armexidx.*)
                0x00002174                __exidx_end = .

.rodata         0x00002174      0x17c
 *(.rodata .rodata.* .gnu.linkonce.r.*)
 .rodata        0x00002174       0x18 .\CortexM3\ARM_GCC_541\Debug\main.o
 .rodata        0x0000218c       0xb8 .\CortexM3\ARM_GCC_541\Debug\cyfitter_cfg.o
 .rodata        0x00002244       0x40 .\CortexM3\ARM_GCC_541\Debug\Counter01.a(CharLCD_1_CustChars.o)
                0x00002244                CharLCD_1_customFonts
 .rodata.str1.1
                0x00002284        0x2 c:/program files (x86)/cypress/psoc creator/4.2/psoc creator/import/gnu/arm/5.4.1/bin/../lib/gcc/arm-none-eabi/5.4.1/../../../../arm-none-eabi/lib/armv7-m\libg_nano.a(lib_a-impure.o)
 .rodata.str1.1
                0x00002286       0x11 c:/program files (x86)/cypress/psoc creator/4.2/psoc creator/import/gnu/arm/5.4.1/bin/../lib/gcc/arm-none-eabi/5.4.1/../../../../arm-none-eabi/lib/armv7-m\libg_nano.a(lib_a-nano-svfprintf.o)
 .rodata.str1.1
                0x00002297       0x22 c:/program files (x86)/cypress/psoc creator/4.2/psoc creator/import/gnu/arm/5.4.1/bin/../lib/gcc/arm-none-eabi/5.4.1/../../../../arm-none-eabi/lib/armv7-m\libg_nano.a(lib_a-nano-vfprintf_i.o)
                0x000022bc                . = ALIGN (0x4)
 *fill*         0x000022b9        0x3 
 *(.init)
 .init          0x000022bc        0x4 c:/program files (x86)/cypress/psoc creator/4.2/psoc creator/import/gnu/arm/5.4.1/bin/../lib/gcc/arm-none-eabi/5.4.1/armv7-m/crti.o
                0x000022bc                _init
 .init          0x000022c0        0x8 c:/program files (x86)/cypress/psoc creator/4.2/psoc creator/import/gnu/arm/5.4.1/bin/../lib/gcc/arm-none-eabi/5.4.1/armv7-m/crtn.o
                0x000022c8                . = ALIGN (0x4)
                0x000022c8                __preinit_array_start = .
 *(.preinit_array)
                0x000022c8                __preinit_array_end = .
                0x000022c8                . = ALIGN (0x4)
                0x000022c8                __init_array_start = .
 *(SORT(.init_array.*))
 *(.init_array)
 .init_array    0x000022c8        0x4 c:/program files (x86)/cypress/psoc creator/4.2/psoc creator/import/gnu/arm/5.4.1/bin/../lib/gcc/arm-none-eabi/5.4.1/armv7-m/crtbegin.o
 .init_array    0x000022cc        0x4 .\CortexM3\ARM_GCC_541\Debug\Cm3Start.o
                0x000022d0                __init_array_end = .
                0x000022d0                . = ALIGN (0x4)
 *(.fini)
 .fini          0x000022d0        0x4 c:/program files (x86)/cypress/psoc creator/4.2/psoc creator/import/gnu/arm/5.4.1/bin/../lib/gcc/arm-none-eabi/5.4.1/armv7-m/crti.o
                0x000022d0                _fini
 .fini          0x000022d4        0x8 c:/program files (x86)/cypress/psoc creator/4.2/psoc creator/import/gnu/arm/5.4.1/bin/../lib/gcc/arm-none-eabi/5.4.1/armv7-m/crtn.o
                0x000022dc                . = ALIGN (0x4)
                0x000022dc                __fini_array_start = .
 *(.fini_array)
 .fini_array    0x000022dc        0x4 c:/program files (x86)/cypress/psoc creator/4.2/psoc creator/import/gnu/arm/5.4.1/bin/../lib/gcc/arm-none-eabi/5.4.1/armv7-m/crtbegin.o
 *(SORT(.fini_array.*))
                0x000022e0                __fini_array_end = .
                0x000022e0                . = ALIGN (0x4)
 *crtbegin.o(.ctors)
 *(EXCLUDE_FILE(*crtend.o) .ctors)
 *(SORT(.ctors.*))
 *crtend.o(.ctors)
                0x000022e0                . = ALIGN (0x4)
 *crtbegin.o(.dtors)
 *(EXCLUDE_FILE(*crtend.o) .dtors)
 *(SORT(.dtors.*))
 *crtend.o(.dtors)
                0x000022e0                . = ALIGN (0x4)
                0x000022e0                __cy_regions = .
                0x000022e0        0x4 LONG 0x22f0 __cy_region_init_ram
                0x000022e4        0x4 LONG 0x1fff80c8 __cy_region_start_data
                0x000022e8        0x4 LONG 0x80 __cy_region_init_size_ram
                0x000022ec        0x4 LONG 0x38 __cy_region_zero_size_ram
                0x000022f0                __cy_regions_end = .
                0x000022f0                . = ALIGN (0x8)
                0x000022f0                _etext = .

.cy_checksum_exclude
                0x000022f0        0x0
 *(.cy_checksum_exclude)

.ramvectors     0x1fff8000       0xc0
                0x1fff8000                __cy_region_start_ram = .
 *(.ramvectors)
 .ramvectors    0x1fff8000       0xc0 .\CortexM3\ARM_GCC_541\Debug\Cm3Start.o
                0x1fff8000                CyRamVectors

.noinit         0x1fff80c0        0x5
 *(.noinit)
 .noinit        0x1fff80c0        0x4 .\CortexM3\ARM_GCC_541\Debug\Cm3Start.o
 .noinit        0x1fff80c4        0x1 .\CortexM3\ARM_GCC_541\Debug\Counter01.a(CyLib.o)
                0x1fff80c4                CyResetStatus

.data           0x1fff80c8       0x80 load address 0x000022f0
                0x1fff80c8                __cy_region_start_data = .
 *(.jcr)
 .jcr           0x1fff80c8        0x0 c:/program files (x86)/cypress/psoc creator/4.2/psoc creator/import/gnu/arm/5.4.1/bin/../lib/gcc/arm-none-eabi/5.4.1/armv7-m/crtbegin.o
 .jcr           0x1fff80c8        0x4 c:/program files (x86)/cypress/psoc creator/4.2/psoc creator/import/gnu/arm/5.4.1/bin/../lib/gcc/arm-none-eabi/5.4.1/armv7-m/crtend.o
 *(.got.plt)
 *(.got)
 *(.shdata)
 *(.data .data.* .gnu.linkonce.d.*)
 .data          0x1fff80cc        0x4 .\CortexM3\ARM_GCC_541\Debug\Cm3Start.o
 .data          0x1fff80d0       0x10 .\CortexM3\ARM_GCC_541\Debug\Counter01.a(CyLib.o)
                0x1fff80d0                cydelay_freq_hz
                0x1fff80d4                cydelay_freq_khz
                0x1fff80d8                cydelay_freq_mhz
                0x1fff80dc                cydelay_32k_ms
 .data.impure_data
                0x1fff80e0       0x60 c:/program files (x86)/cypress/psoc creator/4.2/psoc creator/import/gnu/arm/5.4.1/bin/../lib/gcc/arm-none-eabi/5.4.1/../../../../arm-none-eabi/lib/armv7-m\libg_nano.a(lib_a-impure.o)
 .data._impure_ptr
                0x1fff8140        0x4 c:/program files (x86)/cypress/psoc creator/4.2/psoc creator/import/gnu/arm/5.4.1/bin/../lib/gcc/arm-none-eabi/5.4.1/../../../../arm-none-eabi/lib/armv7-m\libg_nano.a(lib_a-impure.o)
                0x1fff8140                _impure_ptr
                0x1fff8148                . = ALIGN (0x8)
 *fill*         0x1fff8144        0x4 
 *(.ram)
                0x1fff8148                _edata = .

.igot.plt       0x1fff8148        0x0 load address 0x00002370
 .igot.plt      0x1fff8148        0x0 c:/program files (x86)/cypress/psoc creator/4.2/psoc creator/import/gnu/arm/5.4.1/bin/../lib/gcc/arm-none-eabi/5.4.1/armv7-m/crtbegin.o

.bss            0x1fff8148       0x38 load address 0x00002370
                0x1fff8148                PROVIDE (__bss_start__, .)
 *(.shbss)
 *(.bss .bss.* .gnu.linkonce.b.*)
 .bss           0x1fff8148       0x1c c:/program files (x86)/cypress/psoc creator/4.2/psoc creator/import/gnu/arm/5.4.1/bin/../lib/gcc/arm-none-eabi/5.4.1/armv7-m/crtbegin.o
 *fill*         0x1fff8164        0x4 
 .bss           0x1fff8168        0x4 .\CortexM3\ARM_GCC_541\Debug\cyfitter_cfg.o
 .bss           0x1fff816c        0x1 .\CortexM3\ARM_GCC_541\Debug\Counter01.a(Counter_1.o)
                0x1fff816c                Counter_1_initVar
 .bss           0x1fff816d        0x2 .\CortexM3\ARM_GCC_541\Debug\Counter01.a(CharLCD_1.o)
                0x1fff816d                CharLCD_1_enableState
                0x1fff816e                CharLCD_1_initVar
 *fill*         0x1fff816f        0x1 
 .bss.__malloc_sbrk_start
                0x1fff8170        0x4 c:/program files (x86)/cypress/psoc creator/4.2/psoc creator/import/gnu/arm/5.4.1/bin/../lib/gcc/arm-none-eabi/5.4.1/../../../../arm-none-eabi/lib/armv7-m\libg_nano.a(lib_a-nano-mallocr.o)
                0x1fff8170                __malloc_sbrk_start
 .bss.__malloc_free_list
                0x1fff8174        0x4 c:/program files (x86)/cypress/psoc creator/4.2/psoc creator/import/gnu/arm/5.4.1/bin/../lib/gcc/arm-none-eabi/5.4.1/../../../../arm-none-eabi/lib/armv7-m\libg_nano.a(lib_a-nano-mallocr.o)
                0x1fff8174                __malloc_free_list
 *(COMMON)
 COMMON         0x1fff8178        0x1 .\CortexM3\ARM_GCC_541\Debug\main.o
                0x1fff8178                interruptCnt
 *fill*         0x1fff8179        0x3 
 COMMON         0x1fff817c        0x4 c:/program files (x86)/cypress/psoc creator/4.2/psoc creator/import/gnu/arm/5.4.1/bin/../lib/gcc/arm-none-eabi/5.4.1/../../../../arm-none-eabi/lib/armv7-m\libg_nano.a(lib_a-reent.o)
                0x1fff817c                errno
                0x1fff8180                . = ALIGN (0x8)
 *(.ram.b)
                0x1fff8180                _end = .
                0x1fff8180                __end = .
                0x1fff8180                PROVIDE (end, .)
                0x1fff8180                PROVIDE (__bss_end__, .)
                0x000022f0                __cy_region_init_ram = LOADADDR (.data)
                0x00000080                __cy_region_init_size_ram = (_edata - ADDR (.data))
                0x00000038                __cy_region_zero_size_ram = (_end - _edata)

.heap           0x1fff8180       0x80 load address 0x00002370
                0x1fff8180                . = _end
                0x1fff8200                . = (. + 0x80)
 *fill*         0x1fff8180       0x80 
                0x1fff8200                __cy_heap_limit = .

.stack          0x20007800      0x800
                0x20007800                __cy_stack_limit = .
                0x20008000                . = (. + 0x800)
 *fill*         0x20007800      0x800 
                0x00000001                ASSERT ((__cy_stack_limit >= __cy_heap_limit), region RAM overflowed with stack)
                0x00000000                cy_checksum_exclude_size = (CY_APPL_LOADABLE == 0x1)?SIZEOF (.cy_checksum_exclude):0x0
                0x00000001                ASSERT ((cy_checksum_exclude_size <= CY_CHECKSUM_EXCLUDE_SIZE), CY_BOOT: Section .cy_checksum_exclude size exceedes specified limit.)

.cyloadermeta
 *(.cyloadermeta)

.cyloadablemeta
 *(.cyloadablemeta)

.cyconfigecc    0x80000000      0xa64
 *(.cyconfigecc)
 .cyconfigecc   0x80000000      0xa64 .\CortexM3\ARM_GCC_541\Debug\cymetadata.o
                0x80000000                cy_meta_configecc

.cycustnvl      0x90000000        0x4
 *(.cycustnvl)
 .cycustnvl     0x90000000        0x4 .\CortexM3\ARM_GCC_541\Debug\cymetadata.o
                0x90000000                cy_meta_custnvl

.cywolatch      0x90100000        0x4
 *(.cywolatch)
 .cywolatch     0x90100000        0x4 .\CortexM3\ARM_GCC_541\Debug\cymetadata.o
                0x90100000                cy_meta_wonvl

.cyeeprom       0x90200000        0x0
 *(.cyeeprom)
                0x00000001                ASSERT ((. <= ((0x90200000 + ee_offset) + ee_size)), .cyeeprom data will not fit in EEPROM)

.cyflashprotect
                0x90400000      0x100
 *(.cyflashprotect)
 .cyflashprotect
                0x90400000      0x100 .\CortexM3\ARM_GCC_541\Debug\cymetadata.o
                0x90400000                cy_meta_flashprotect

.cymeta         0x90500000        0xc
 *(.cymeta)
 .cymeta        0x90500000        0xc .\CortexM3\ARM_GCC_541\Debug\cymetadata.o
                0x90500000                cy_metadata

.rel.dyn        0x00002370        0x0 load address 0x9050000c
 .rel.iplt      0x00002370        0x0 c:/program files (x86)/cypress/psoc creator/4.2/psoc creator/import/gnu/arm/5.4.1/bin/../lib/gcc/arm-none-eabi/5.4.1/armv7-m/crtbegin.o

.stab
 *(.stab)

.stabstr
 *(.stabstr)

.debug
 *(.debug)

.line
 *(.line)

.debug_srcinfo
 *(.debug_srcinfo)

.debug_sfnames
 *(.debug_sfnames)

.debug_aranges  0x00000000      0x728
 *(.debug_aranges)
 .debug_aranges
                0x00000000       0x28 .\CortexM3\ARM_GCC_541\Debug\main.o
 .debug_aranges
                0x00000028       0x60 .\CortexM3\ARM_GCC_541\Debug\cyfitter_cfg.o
 .debug_aranges
                0x00000088       0x18 .\CortexM3\ARM_GCC_541\Debug\cymetadata.o
 .debug_aranges
                0x000000a0       0x48 .\CortexM3\ARM_GCC_541\Debug\Cm3Start.o
 .debug_aranges
                0x000000e8       0x98 .\CortexM3\ARM_GCC_541\Debug\Counter01.a(Counter_1.o)
 .debug_aranges
                0x00000180       0x98 .\CortexM3\ARM_GCC_541\Debug\Counter01.a(CharLCD_1.o)
 .debug_aranges
                0x00000218       0x20 .\CortexM3\ARM_GCC_541\Debug\Counter01.a(CharLCD_1_CustChars.o)
 .debug_aranges
                0x00000238       0x80 .\CortexM3\ARM_GCC_541\Debug\Counter01.a(CounterISR.o)
 .debug_aranges
                0x000002b8      0x2a0 .\CortexM3\ARM_GCC_541\Debug\Counter01.a(CyLib.o)
 .debug_aranges
                0x00000558       0x98 .\CortexM3\ARM_GCC_541\Debug\Counter01.a(cyPm.o)
 .debug_aranges
                0x000005f0       0x20 .\CortexM3\ARM_GCC_541\Debug\Counter01.a(cyutils.o)
 .debug_aranges
                0x00000610       0x20 .\CortexM3\ARM_GCC_541\Debug\Counter01.a(CyBootAsmGnu.o)
 .debug_aranges
                0x00000630       0x80 .\CortexM3\ARM_GCC_541\Debug\Counter01.a(CyFlash.o)
 .debug_aranges
                0x000006b0       0x78 .\CortexM3\ARM_GCC_541\Debug\Counter01.a(CySpc.o)

.debug_pubnames
 *(.debug_pubnames)

.debug_info     0x00000000     0x3077
 *(.debug_info .gnu.linkonce.wi.*)
 .debug_info    0x00000000      0x175 .\CortexM3\ARM_GCC_541\Debug\main.o
 .debug_info    0x00000175      0x3ce .\CortexM3\ARM_GCC_541\Debug\cyfitter_cfg.o
 .debug_info    0x00000543      0x139 .\CortexM3\ARM_GCC_541\Debug\cymetadata.o
 .debug_info    0x0000067c      0x32b .\CortexM3\ARM_GCC_541\Debug\Cm3Start.o
 .debug_info    0x000009a7      0x291 .\CortexM3\ARM_GCC_541\Debug\Counter01.a(Counter_1.o)
 .debug_info    0x00000c38      0x3f4 .\CortexM3\ARM_GCC_541\Debug\Counter01.a(CharLCD_1.o)
 .debug_info    0x0000102c       0xf7 .\CortexM3\ARM_GCC_541\Debug\Counter01.a(CharLCD_1_CustChars.o)
 .debug_info    0x00001123      0x241 .\CortexM3\ARM_GCC_541\Debug\Counter01.a(CounterISR.o)
 .debug_info    0x00001364      0xe51 .\CortexM3\ARM_GCC_541\Debug\Counter01.a(CyLib.o)
 .debug_info    0x000021b5      0x57a .\CortexM3\ARM_GCC_541\Debug\Counter01.a(cyPm.o)
 .debug_info    0x0000272f       0xef .\CortexM3\ARM_GCC_541\Debug\Counter01.a(cyutils.o)
 .debug_info    0x0000281e       0x8e .\CortexM3\ARM_GCC_541\Debug\Counter01.a(CyBootAsmGnu.o)
 .debug_info    0x000028ac      0x371 .\CortexM3\ARM_GCC_541\Debug\Counter01.a(CyFlash.o)
 .debug_info    0x00002c1d      0x45a .\CortexM3\ARM_GCC_541\Debug\Counter01.a(CySpc.o)

.debug_abbrev   0x00000000      0xfe6
 *(.debug_abbrev)
 .debug_abbrev  0x00000000       0xd8 .\CortexM3\ARM_GCC_541\Debug\main.o
 .debug_abbrev  0x000000d8      0x183 .\CortexM3\ARM_GCC_541\Debug\cyfitter_cfg.o
 .debug_abbrev  0x0000025b       0x77 .\CortexM3\ARM_GCC_541\Debug\cymetadata.o
 .debug_abbrev  0x000002d2      0x1d6 .\CortexM3\ARM_GCC_541\Debug\Cm3Start.o
 .debug_abbrev  0x000004a8      0x146 .\CortexM3\ARM_GCC_541\Debug\Counter01.a(Counter_1.o)
 .debug_abbrev  0x000005ee      0x131 .\CortexM3\ARM_GCC_541\Debug\Counter01.a(CharLCD_1.o)
 .debug_abbrev  0x0000071f       0xa2 .\CortexM3\ARM_GCC_541\Debug\Counter01.a(CharLCD_1_CustChars.o)
 .debug_abbrev  0x000007c1      0x172 .\CortexM3\ARM_GCC_541\Debug\Counter01.a(CounterISR.o)
 .debug_abbrev  0x00000933      0x217 .\CortexM3\ARM_GCC_541\Debug\Counter01.a(CyLib.o)
 .debug_abbrev  0x00000b4a      0x161 .\CortexM3\ARM_GCC_541\Debug\Counter01.a(cyPm.o)
 .debug_abbrev  0x00000cab       0x7f .\CortexM3\ARM_GCC_541\Debug\Counter01.a(cyutils.o)
 .debug_abbrev  0x00000d2a       0x14 .\CortexM3\ARM_GCC_541\Debug\Counter01.a(CyBootAsmGnu.o)
 .debug_abbrev  0x00000d3e      0x13c .\CortexM3\ARM_GCC_541\Debug\Counter01.a(CyFlash.o)
 .debug_abbrev  0x00000e7a      0x16c .\CortexM3\ARM_GCC_541\Debug\Counter01.a(CySpc.o)

.debug_line     0x00000000     0x1d39
 *(.debug_line)
 .debug_line    0x00000000      0x1b9 .\CortexM3\ARM_GCC_541\Debug\main.o
 .debug_line    0x000001b9      0x218 .\CortexM3\ARM_GCC_541\Debug\cyfitter_cfg.o
 .debug_line    0x000003d1      0x141 .\CortexM3\ARM_GCC_541\Debug\cymetadata.o
 .debug_line    0x00000512      0x1dc .\CortexM3\ARM_GCC_541\Debug\Cm3Start.o
 .debug_line    0x000006ee      0x187 .\CortexM3\ARM_GCC_541\Debug\Counter01.a(Counter_1.o)
 .debug_line    0x00000875      0x1f7 .\CortexM3\ARM_GCC_541\Debug\Counter01.a(CharLCD_1.o)
 .debug_line    0x00000a6c       0x81 .\CortexM3\ARM_GCC_541\Debug\Counter01.a(CharLCD_1_CustChars.o)
 .debug_line    0x00000aed      0x145 .\CortexM3\ARM_GCC_541\Debug\Counter01.a(CounterISR.o)
 .debug_line    0x00000c32      0x883 .\CortexM3\ARM_GCC_541\Debug\Counter01.a(CyLib.o)
 .debug_line    0x000014b5      0x38e .\CortexM3\ARM_GCC_541\Debug\Counter01.a(cyPm.o)
 .debug_line    0x00001843       0x62 .\CortexM3\ARM_GCC_541\Debug\Counter01.a(cyutils.o)
 .debug_line    0x000018a5       0x7d .\CortexM3\ARM_GCC_541\Debug\Counter01.a(CyBootAsmGnu.o)
 .debug_line    0x00001922      0x205 .\CortexM3\ARM_GCC_541\Debug\Counter01.a(CyFlash.o)
 .debug_line    0x00001b27      0x212 .\CortexM3\ARM_GCC_541\Debug\Counter01.a(CySpc.o)

.debug_frame    0x00000000     0x1fcc
 *(.debug_frame)
 .debug_frame   0x00000000       0x58 .\CortexM3\ARM_GCC_541\Debug\main.o
 .debug_frame   0x00000058      0x160 .\CortexM3\ARM_GCC_541\Debug\cyfitter_cfg.o
 .debug_frame   0x000001b8       0xd8 .\CortexM3\ARM_GCC_541\Debug\Cm3Start.o
 .debug_frame   0x00000290      0x258 .\CortexM3\ARM_GCC_541\Debug\Counter01.a(Counter_1.o)
 .debug_frame   0x000004e8      0x260 .\CortexM3\ARM_GCC_541\Debug\Counter01.a(CharLCD_1.o)
 .debug_frame   0x00000748       0x38 .\CortexM3\ARM_GCC_541\Debug\Counter01.a(CharLCD_1_CustChars.o)
 .debug_frame   0x00000780      0x1e8 .\CortexM3\ARM_GCC_541\Debug\Counter01.a(CounterISR.o)
 .debug_frame   0x00000968      0xc0c .\CortexM3\ARM_GCC_541\Debug\Counter01.a(CyLib.o)
 .debug_frame   0x00001574      0x234 .\CortexM3\ARM_GCC_541\Debug\Counter01.a(cyPm.o)
 .debug_frame   0x000017a8       0x38 .\CortexM3\ARM_GCC_541\Debug\Counter01.a(cyutils.o)
 .debug_frame   0x000017e0      0x210 .\CortexM3\ARM_GCC_541\Debug\Counter01.a(CyFlash.o)
 .debug_frame   0x000019f0      0x1f8 .\CortexM3\ARM_GCC_541\Debug\Counter01.a(CySpc.o)
 .debug_frame   0x00001be8       0x20 c:/program files (x86)/cypress/psoc creator/4.2/psoc creator/import/gnu/arm/5.4.1/bin/../lib/gcc/arm-none-eabi/5.4.1/../../../../arm-none-eabi/lib/armv7-m\libg_nano.a(lib_a-errno.o)
 .debug_frame   0x00001c08       0x28 c:/program files (x86)/cypress/psoc creator/4.2/psoc creator/import/gnu/arm/5.4.1/bin/../lib/gcc/arm-none-eabi/5.4.1/../../../../arm-none-eabi/lib/armv7-m\libg_nano.a(lib_a-exit.o)
 .debug_frame   0x00001c30       0x2c c:/program files (x86)/cypress/psoc creator/4.2/psoc creator/import/gnu/arm/5.4.1/bin/../lib/gcc/arm-none-eabi/5.4.1/../../../../arm-none-eabi/lib/armv7-m\libg_nano.a(lib_a-init.o)
 .debug_frame   0x00001c5c       0x28 c:/program files (x86)/cypress/psoc creator/4.2/psoc creator/import/gnu/arm/5.4.1/bin/../lib/gcc/arm-none-eabi/5.4.1/../../../../arm-none-eabi/lib/armv7-m\libg_nano.a(lib_a-memcpy-stub.o)
 .debug_frame   0x00001c84       0x20 c:/program files (x86)/cypress/psoc creator/4.2/psoc creator/import/gnu/arm/5.4.1/bin/../lib/gcc/arm-none-eabi/5.4.1/../../../../arm-none-eabi/lib/armv7-m\libg_nano.a(lib_a-memset.o)
 .debug_frame   0x00001ca4       0x70 c:/program files (x86)/cypress/psoc creator/4.2/psoc creator/import/gnu/arm/5.4.1/bin/../lib/gcc/arm-none-eabi/5.4.1/../../../../arm-none-eabi/lib/armv7-m\libg_nano.a(lib_a-sprintf.o)
 .debug_frame   0x00001d14       0x90 c:/program files (x86)/cypress/psoc creator/4.2/psoc creator/import/gnu/arm/5.4.1/bin/../lib/gcc/arm-none-eabi/5.4.1/../../../../arm-none-eabi/lib/armv7-m\libg_nano.a(lib_a-nano-svfprintf.o)
 .debug_frame   0x00001da4       0x60 c:/program files (x86)/cypress/psoc creator/4.2/psoc creator/import/gnu/arm/5.4.1/bin/../lib/gcc/arm-none-eabi/5.4.1/../../../../arm-none-eabi/lib/armv7-m\libg_nano.a(lib_a-nano-vfprintf_i.o)
 .debug_frame   0x00001e04       0x28 c:/program files (x86)/cypress/psoc creator/4.2/psoc creator/import/gnu/arm/5.4.1/bin/../lib/gcc/arm-none-eabi/5.4.1/../../../../arm-none-eabi/lib/armv7-m\libg_nano.a(lib_a-memchr-stub.o)
 .debug_frame   0x00001e2c       0x28 c:/program files (x86)/cypress/psoc creator/4.2/psoc creator/import/gnu/arm/5.4.1/bin/../lib/gcc/arm-none-eabi/5.4.1/../../../../arm-none-eabi/lib/armv7-m\libg_nano.a(lib_a-memmove.o)
 .debug_frame   0x00001e54       0x38 c:/program files (x86)/cypress/psoc creator/4.2/psoc creator/import/gnu/arm/5.4.1/bin/../lib/gcc/arm-none-eabi/5.4.1/../../../../arm-none-eabi/lib/armv7-m\libg_nano.a(lib_a-nano-freer.o)
 .debug_frame   0x00001e8c       0x2c c:/program files (x86)/cypress/psoc creator/4.2/psoc creator/import/gnu/arm/5.4.1/bin/../lib/gcc/arm-none-eabi/5.4.1/../../../../arm-none-eabi/lib/armv7-m\libg_nano.a(lib_a-nano-mallocr.o)
 .debug_frame   0x00001eb8       0x3c c:/program files (x86)/cypress/psoc creator/4.2/psoc creator/import/gnu/arm/5.4.1/bin/../lib/gcc/arm-none-eabi/5.4.1/../../../../arm-none-eabi/lib/armv7-m\libg_nano.a(lib_a-nano-reallocr.o)
 .debug_frame   0x00001ef4       0x2c c:/program files (x86)/cypress/psoc creator/4.2/psoc creator/import/gnu/arm/5.4.1/bin/../lib/gcc/arm-none-eabi/5.4.1/../../../../arm-none-eabi/lib/armv7-m\libg_nano.a(lib_a-sbrkr.o)
 .debug_frame   0x00001f20       0x30 c:/program files (x86)/cypress/psoc creator/4.2/psoc creator/import/gnu/arm/5.4.1/bin/../lib/gcc/arm-none-eabi/5.4.1/../../../../arm-none-eabi/lib/armv7-m\libg_nano.a(lib_a-mlock.o)
 .debug_frame   0x00001f50       0x20 c:/program files (x86)/cypress/psoc creator/4.2/psoc creator/import/gnu/arm/5.4.1/bin/../lib/gcc/arm-none-eabi/5.4.1/../../../../arm-none-eabi/lib/armv7-m\libg_nano.a(lib_a-nano-msizer.o)
 .debug_frame   0x00001f70       0x5c c:/program files (x86)/cypress/psoc creator/4.2/psoc creator/import/gnu/arm/5.4.1/bin/../lib/gcc/arm-none-eabi/5.4.1/../../../../arm-none-eabi/lib/armv7-m\libg_nano.a(lib_a-reent.o)

.debug_str      0x00000000     0x184e
 *(.debug_str)
 .debug_str     0x00000000      0x1ae .\CortexM3\ARM_GCC_541\Debug\main.o
                                0x1ff (size before relaxing)
 .debug_str     0x000001ae      0x18d .\CortexM3\ARM_GCC_541\Debug\cyfitter_cfg.o
                                0x31d (size before relaxing)
 .debug_str     0x0000033b       0x7f .\CortexM3\ARM_GCC_541\Debug\cymetadata.o
                                0x1e2 (size before relaxing)
 .debug_str     0x000003ba      0x124 .\CortexM3\ARM_GCC_541\Debug\Cm3Start.o
                                0x2d5 (size before relaxing)
 .debug_str     0x000004de      0x1e4 .\CortexM3\ARM_GCC_541\Debug\Counter01.a(Counter_1.o)
                                0x375 (size before relaxing)
 .debug_str     0x000006c2      0x20b .\CortexM3\ARM_GCC_541\Debug\Counter01.a(CharLCD_1.o)
                                0x3a5 (size before relaxing)
 .debug_str     0x000008cd       0x52 .\CortexM3\ARM_GCC_541\Debug\Counter01.a(CharLCD_1_CustChars.o)
                                0x1e3 (size before relaxing)
 .debug_str     0x0000091f      0x144 .\CortexM3\ARM_GCC_541\Debug\Counter01.a(CounterISR.o)
                                0x2ea (size before relaxing)
 .debug_str     0x00000a63      0x7d6 .\CortexM3\ARM_GCC_541\Debug\Counter01.a(CyLib.o)
                                0x9e8 (size before relaxing)
 .debug_str     0x00001239      0x371 .\CortexM3\ARM_GCC_541\Debug\Counter01.a(cyPm.o)
                                0x541 (size before relaxing)
 .debug_str     0x000015aa       0x39 .\CortexM3\ARM_GCC_541\Debug\Counter01.a(cyutils.o)
                                0x1b0 (size before relaxing)
 .debug_str     0x000015e3      0x145 .\CortexM3\ARM_GCC_541\Debug\Counter01.a(CyFlash.o)
                                0x2f4 (size before relaxing)
 .debug_str     0x00001728      0x126 .\CortexM3\ARM_GCC_541\Debug\Counter01.a(CySpc.o)
                                0x2f1 (size before relaxing)

.debug_loc
 *(.debug_loc)

.debug_macinfo
 *(.debug_macinfo)

.debug_ranges   0x00000000      0x630
 *(.debug_ranges)
 .debug_ranges  0x00000000       0x18 .\CortexM3\ARM_GCC_541\Debug\main.o
 .debug_ranges  0x00000018       0x50 .\CortexM3\ARM_GCC_541\Debug\cyfitter_cfg.o
 .debug_ranges  0x00000068       0x38 .\CortexM3\ARM_GCC_541\Debug\Cm3Start.o
 .debug_ranges  0x000000a0       0x88 .\CortexM3\ARM_GCC_541\Debug\Counter01.a(Counter_1.o)
 .debug_ranges  0x00000128       0x88 .\CortexM3\ARM_GCC_541\Debug\Counter01.a(CharLCD_1.o)
 .debug_ranges  0x000001b0       0x10 .\CortexM3\ARM_GCC_541\Debug\Counter01.a(CharLCD_1_CustChars.o)
 .debug_ranges  0x000001c0       0x70 .\CortexM3\ARM_GCC_541\Debug\Counter01.a(CounterISR.o)
 .debug_ranges  0x00000230      0x290 .\CortexM3\ARM_GCC_541\Debug\Counter01.a(CyLib.o)
 .debug_ranges  0x000004c0       0x88 .\CortexM3\ARM_GCC_541\Debug\Counter01.a(cyPm.o)
 .debug_ranges  0x00000548       0x10 .\CortexM3\ARM_GCC_541\Debug\Counter01.a(cyutils.o)
 .debug_ranges  0x00000558       0x70 .\CortexM3\ARM_GCC_541\Debug\Counter01.a(CyFlash.o)
 .debug_ranges  0x000005c8       0x68 .\CortexM3\ARM_GCC_541\Debug\Counter01.a(CySpc.o)

.comment        0x00000000       0x6e
 .comment       0x00000000       0x6e .\CortexM3\ARM_GCC_541\Debug\main.o
                                 0x6f (size before relaxing)
 .comment       0x0000006e       0x6f .\CortexM3\ARM_GCC_541\Debug\cyfitter_cfg.o
 .comment       0x0000006e       0x6f .\CortexM3\ARM_GCC_541\Debug\cymetadata.o
 .comment       0x0000006e       0x6f .\CortexM3\ARM_GCC_541\Debug\Cm3Start.o
 .comment       0x0000006e       0x6f .\CortexM3\ARM_GCC_541\Debug\Counter01.a(Counter_1.o)
 .comment       0x0000006e       0x6f .\CortexM3\ARM_GCC_541\Debug\Counter01.a(CharLCD_1.o)
 .comment       0x0000006e       0x6f .\CortexM3\ARM_GCC_541\Debug\Counter01.a(CharLCD_1_CustChars.o)
 .comment       0x0000006e       0x6f .\CortexM3\ARM_GCC_541\Debug\Counter01.a(CounterISR.o)
 .comment       0x0000006e       0x6f .\CortexM3\ARM_GCC_541\Debug\Counter01.a(CyLib.o)
 .comment       0x0000006e       0x6f .\CortexM3\ARM_GCC_541\Debug\Counter01.a(cyPm.o)
 .comment       0x0000006e       0x6f .\CortexM3\ARM_GCC_541\Debug\Counter01.a(cyutils.o)
 .comment       0x0000006e       0x6f .\CortexM3\ARM_GCC_541\Debug\Counter01.a(CyFlash.o)
 .comment       0x0000006e       0x6f .\CortexM3\ARM_GCC_541\Debug\Counter01.a(CySpc.o)

.debug_weaknames
 *(.debug_weaknames)

.debug_funcnames
 *(.debug_funcnames)

.debug_typenames
 *(.debug_typenames)

.debug_varnames
 *(.debug_varnames)

.note.gnu.arm.ident
 *(.note.gnu.arm.ident)

.ARM.attributes
                0x00000000       0x29
 *(.ARM.attributes)
 .ARM.attributes
                0x00000000       0x1d c:/program files (x86)/cypress/psoc creator/4.2/psoc creator/import/gnu/arm/5.4.1/bin/../lib/gcc/arm-none-eabi/5.4.1/armv7-m/crti.o
 .ARM.attributes
                0x0000001d       0x2d c:/program files (x86)/cypress/psoc creator/4.2/psoc creator/import/gnu/arm/5.4.1/bin/../lib/gcc/arm-none-eabi/5.4.1/armv7-m/crtbegin.o
 .ARM.attributes
                0x0000004a       0x1b c:/program files (x86)/cypress/psoc creator/4.2/psoc creator/import/gnu/arm/5.4.1/bin/../lib/gcc/arm-none-eabi/5.4.1/../../../../arm-none-eabi/lib/armv7-m/crt0.o
 .ARM.attributes
                0x00000065       0x33 .\CortexM3\ARM_GCC_541\Debug\main.o
 .ARM.attributes
                0x00000098       0x33 .\CortexM3\ARM_GCC_541\Debug\cyfitter_cfg.o
 .ARM.attributes
                0x000000cb       0x33 .\CortexM3\ARM_GCC_541\Debug\cymetadata.o
 .ARM.attributes
                0x000000fe       0x33 .\CortexM3\ARM_GCC_541\Debug\Cm3Start.o
 .ARM.attributes
                0x00000131       0x33 .\CortexM3\ARM_GCC_541\Debug\Counter01.a(Counter_1.o)
 .ARM.attributes
                0x00000164       0x33 .\CortexM3\ARM_GCC_541\Debug\Counter01.a(CharLCD_1.o)
 .ARM.attributes
                0x00000197       0x33 .\CortexM3\ARM_GCC_541\Debug\Counter01.a(CharLCD_1_CustChars.o)
 .ARM.attributes
                0x000001ca       0x33 .\CortexM3\ARM_GCC_541\Debug\Counter01.a(CounterISR.o)
 .ARM.attributes
                0x000001fd       0x33 .\CortexM3\ARM_GCC_541\Debug\Counter01.a(CyLib.o)
 .ARM.attributes
                0x00000230       0x33 .\CortexM3\ARM_GCC_541\Debug\Counter01.a(cyPm.o)
 .ARM.attributes
                0x00000263       0x33 .\CortexM3\ARM_GCC_541\Debug\Counter01.a(cyutils.o)
 .ARM.attributes
                0x00000296       0x21 .\CortexM3\ARM_GCC_541\Debug\Counter01.a(CyBootAsmGnu.o)
 .ARM.attributes
                0x000002b7       0x33 .\CortexM3\ARM_GCC_541\Debug\Counter01.a(CyFlash.o)
 .ARM.attributes
                0x000002ea       0x33 .\CortexM3\ARM_GCC_541\Debug\Counter01.a(CySpc.o)
 .ARM.attributes
                0x0000031d       0x1d c:/program files (x86)/cypress/psoc creator/4.2/psoc creator/import/gnu/arm/5.4.1/bin/../lib/gcc/arm-none-eabi/5.4.1/armv7-m\libgcc.a(_arm_addsubdf3.o)
 .ARM.attributes
                0x0000033a       0x1d c:/program files (x86)/cypress/psoc creator/4.2/psoc creator/import/gnu/arm/5.4.1/bin/../lib/gcc/arm-none-eabi/5.4.1/armv7-m\libgcc.a(_arm_muldivdf3.o)
 .ARM.attributes
                0x00000357       0x1d c:/program files (x86)/cypress/psoc creator/4.2/psoc creator/import/gnu/arm/5.4.1/bin/../lib/gcc/arm-none-eabi/5.4.1/armv7-m\libgcc.a(_arm_fixdfsi.o)
 .ARM.attributes
                0x00000374       0x2d c:/program files (x86)/cypress/psoc creator/4.2/psoc creator/import/gnu/arm/5.4.1/bin/../lib/gcc/arm-none-eabi/5.4.1/../../../../arm-none-eabi/lib/armv7-m\libg_nano.a(lib_a-errno.o)
 .ARM.attributes
                0x000003a1       0x2d c:/program files (x86)/cypress/psoc creator/4.2/psoc creator/import/gnu/arm/5.4.1/bin/../lib/gcc/arm-none-eabi/5.4.1/../../../../arm-none-eabi/lib/armv7-m\libg_nano.a(lib_a-exit.o)
 .ARM.attributes
                0x000003ce       0x2d c:/program files (x86)/cypress/psoc creator/4.2/psoc creator/import/gnu/arm/5.4.1/bin/../lib/gcc/arm-none-eabi/5.4.1/../../../../arm-none-eabi/lib/armv7-m\libg_nano.a(lib_a-impure.o)
 .ARM.attributes
                0x000003fb       0x2d c:/program files (x86)/cypress/psoc creator/4.2/psoc creator/import/gnu/arm/5.4.1/bin/../lib/gcc/arm-none-eabi/5.4.1/../../../../arm-none-eabi/lib/armv7-m\libg_nano.a(lib_a-init.o)
 .ARM.attributes
                0x00000428       0x2d c:/program files (x86)/cypress/psoc creator/4.2/psoc creator/import/gnu/arm/5.4.1/bin/../lib/gcc/arm-none-eabi/5.4.1/../../../../arm-none-eabi/lib/armv7-m\libg_nano.a(lib_a-memcpy-stub.o)
 .ARM.attributes
                0x00000455       0x2d c:/program files (x86)/cypress/psoc creator/4.2/psoc creator/import/gnu/arm/5.4.1/bin/../lib/gcc/arm-none-eabi/5.4.1/../../../../arm-none-eabi/lib/armv7-m\libg_nano.a(lib_a-memset.o)
 .ARM.attributes
                0x00000482       0x2d c:/program files (x86)/cypress/psoc creator/4.2/psoc creator/import/gnu/arm/5.4.1/bin/../lib/gcc/arm-none-eabi/5.4.1/../../../../arm-none-eabi/lib/armv7-m\libg_nano.a(lib_a-sprintf.o)
 .ARM.attributes
                0x000004af       0x2d c:/program files (x86)/cypress/psoc creator/4.2/psoc creator/import/gnu/arm/5.4.1/bin/../lib/gcc/arm-none-eabi/5.4.1/../../../../arm-none-eabi/lib/armv7-m\libg_nano.a(lib_a-nano-svfprintf.o)
 .ARM.attributes
                0x000004dc       0x2d c:/program files (x86)/cypress/psoc creator/4.2/psoc creator/import/gnu/arm/5.4.1/bin/../lib/gcc/arm-none-eabi/5.4.1/../../../../arm-none-eabi/lib/armv7-m\libg_nano.a(lib_a-nano-vfprintf_i.o)
 .ARM.attributes
                0x00000509       0x2d c:/program files (x86)/cypress/psoc creator/4.2/psoc creator/import/gnu/arm/5.4.1/bin/../lib/gcc/arm-none-eabi/5.4.1/../../../../arm-none-eabi/lib/armv7-m\libg_nano.a(lib_a-memchr-stub.o)
 .ARM.attributes
                0x00000536       0x2d c:/program files (x86)/cypress/psoc creator/4.2/psoc creator/import/gnu/arm/5.4.1/bin/../lib/gcc/arm-none-eabi/5.4.1/../../../../arm-none-eabi/lib/armv7-m\libg_nano.a(lib_a-memmove.o)
 .ARM.attributes
                0x00000563       0x2d c:/program files (x86)/cypress/psoc creator/4.2/psoc creator/import/gnu/arm/5.4.1/bin/../lib/gcc/arm-none-eabi/5.4.1/../../../../arm-none-eabi/lib/armv7-m\libg_nano.a(lib_a-nano-freer.o)
 .ARM.attributes
                0x00000590       0x2d c:/program files (x86)/cypress/psoc creator/4.2/psoc creator/import/gnu/arm/5.4.1/bin/../lib/gcc/arm-none-eabi/5.4.1/../../../../arm-none-eabi/lib/armv7-m\libg_nano.a(lib_a-nano-mallocr.o)
 .ARM.attributes
                0x000005bd       0x2d c:/program files (x86)/cypress/psoc creator/4.2/psoc creator/import/gnu/arm/5.4.1/bin/../lib/gcc/arm-none-eabi/5.4.1/../../../../arm-none-eabi/lib/armv7-m\libg_nano.a(lib_a-nano-reallocr.o)
 .ARM.attributes
                0x000005ea       0x2d c:/program files (x86)/cypress/psoc creator/4.2/psoc creator/import/gnu/arm/5.4.1/bin/../lib/gcc/arm-none-eabi/5.4.1/../../../../arm-none-eabi/lib/armv7-m\libg_nano.a(lib_a-sbrkr.o)
 .ARM.attributes
                0x00000617       0x2d c:/program files (x86)/cypress/psoc creator/4.2/psoc creator/import/gnu/arm/5.4.1/bin/../lib/gcc/arm-none-eabi/5.4.1/../../../../arm-none-eabi/lib/armv7-m\libg_nano.a(lib_a-mlock.o)
 .ARM.attributes
                0x00000644       0x2d c:/program files (x86)/cypress/psoc creator/4.2/psoc creator/import/gnu/arm/5.4.1/bin/../lib/gcc/arm-none-eabi/5.4.1/../../../../arm-none-eabi/lib/armv7-m\libg_nano.a(lib_a-nano-msizer.o)
 .ARM.attributes
                0x00000671       0x2d c:/program files (x86)/cypress/psoc creator/4.2/psoc creator/import/gnu/arm/5.4.1/bin/../lib/gcc/arm-none-eabi/5.4.1/../../../../arm-none-eabi/lib/armv7-m\libg_nano.a(lib_a-reent.o)
 .ARM.attributes
                0x0000069e       0x2d c:/program files (x86)/cypress/psoc creator/4.2/psoc creator/import/gnu/arm/5.4.1/bin/../lib/gcc/arm-none-eabi/5.4.1/armv7-m/crtend.o
 .ARM.attributes
                0x000006cb       0x1d c:/program files (x86)/cypress/psoc creator/4.2/psoc creator/import/gnu/arm/5.4.1/bin/../lib/gcc/arm-none-eabi/5.4.1/armv7-m/crtn.o

/DISCARD/
 *(.note.GNU-stack)
OUTPUT(C:\Users\shkoli\Downloads\CE95350\CE95350.cydsn\Counter01.cydsn\CortexM3\ARM_GCC_541\Debug\Counter01.elf elf32-littlearm)
