ARM GAS  C:\Users\shkoli\AppData\Local\Temp\ccQFiu6Y.s 			page 1


   1              		.syntax unified
   2              		.cpu cortex-m3
   3              		.fpu softvfp
   4              		.eabi_attribute 20, 1
   5              		.eabi_attribute 21, 1
   6              		.eabi_attribute 23, 3
   7              		.eabi_attribute 24, 1
   8              		.eabi_attribute 25, 1
   9              		.eabi_attribute 26, 1
  10              		.eabi_attribute 30, 6
  11              		.eabi_attribute 34, 1
  12              		.eabi_attribute 18, 4
  13              		.thumb
  14              		.syntax unified
  15              		.file	"CharLCD_1_CustChars.c"
  16              		.text
  17              	.Ltext0:
  18              		.cfi_sections	.debug_frame
  19              		.global	CharLCD_1_customFonts
  20              		.section	.rodata
  21              		.align	2
  22              		.type	CharLCD_1_customFonts, %object
  23              		.size	CharLCD_1_customFonts, 64
  24              	CharLCD_1_customFonts:
  25 0000 00       		.byte	0
  26 0001 0E       		.byte	14
  27 0002 08       		.byte	8
  28 0003 08       		.byte	8
  29 0004 08       		.byte	8
  30 0005 0E       		.byte	14
  31 0006 00       		.byte	0
  32 0007 00       		.byte	0
  33 0008 00       		.byte	0
  34 0009 0A       		.byte	10
  35 000a 0A       		.byte	10
  36 000b 04       		.byte	4
  37 000c 04       		.byte	4
  38 000d 04       		.byte	4
  39 000e 00       		.byte	0
  40 000f 00       		.byte	0
  41 0010 00       		.byte	0
  42 0011 0E       		.byte	14
  43 0012 0A       		.byte	10
  44 0013 0E       		.byte	14
  45 0014 08       		.byte	8
  46 0015 08       		.byte	8
  47 0016 00       		.byte	0
  48 0017 00       		.byte	0
  49 0018 00       		.byte	0
  50 0019 0E       		.byte	14
  51 001a 0A       		.byte	10
  52 001b 0C       		.byte	12
  53 001c 0A       		.byte	10
  54 001d 0A       		.byte	10
  55 001e 00       		.byte	0
  56 001f 00       		.byte	0
  57 0020 00       		.byte	0
ARM GAS  C:\Users\shkoli\AppData\Local\Temp\ccQFiu6Y.s 			page 2


  58 0021 0E       		.byte	14
  59 0022 08       		.byte	8
  60 0023 0C       		.byte	12
  61 0024 08       		.byte	8
  62 0025 0E       		.byte	14
  63 0026 00       		.byte	0
  64 0027 00       		.byte	0
  65 0028 00       		.byte	0
  66 0029 0E       		.byte	14
  67 002a 08       		.byte	8
  68 002b 0E       		.byte	14
  69 002c 02       		.byte	2
  70 002d 0E       		.byte	14
  71 002e 00       		.byte	0
  72 002f 00       		.byte	0
  73 0030 00       		.byte	0
  74 0031 0E       		.byte	14
  75 0032 08       		.byte	8
  76 0033 0E       		.byte	14
  77 0034 02       		.byte	2
  78 0035 0E       		.byte	14
  79 0036 00       		.byte	0
  80 0037 00       		.byte	0
  81 0038 00       		.byte	0
  82 0039 04       		.byte	4
  83 003a 04       		.byte	4
  84 003b 04       		.byte	4
  85 003c 00       		.byte	0
  86 003d 04       		.byte	4
  87 003e 00       		.byte	0
  88 003f 00       		.byte	0
  89              		.section	.text.CharLCD_1_LoadCustomFonts,"ax",%progbits
  90              		.align	2
  91              		.global	CharLCD_1_LoadCustomFonts
  92              		.thumb
  93              		.thumb_func
  94              		.type	CharLCD_1_LoadCustomFonts, %function
  95              	CharLCD_1_LoadCustomFonts:
  96              	.LFB0:
  97              		.file 1 "Generated_Source\\PSoC5\\CharLCD_1_CustChars.c"
   1:Generated_Source\PSoC5/CharLCD_1_CustChars.c **** /*******************************************************************************
   2:Generated_Source\PSoC5/CharLCD_1_CustChars.c **** * File Name: CharLCD_1_CustChars.c
   3:Generated_Source\PSoC5/CharLCD_1_CustChars.c **** * Version 2.20
   4:Generated_Source\PSoC5/CharLCD_1_CustChars.c **** *
   5:Generated_Source\PSoC5/CharLCD_1_CustChars.c **** * Description:
   6:Generated_Source\PSoC5/CharLCD_1_CustChars.c **** *  This file provides the source code for the Character LCD custom character
   7:Generated_Source\PSoC5/CharLCD_1_CustChars.c **** *  API.
   8:Generated_Source\PSoC5/CharLCD_1_CustChars.c **** *
   9:Generated_Source\PSoC5/CharLCD_1_CustChars.c **** * Note:
  10:Generated_Source\PSoC5/CharLCD_1_CustChars.c **** *
  11:Generated_Source\PSoC5/CharLCD_1_CustChars.c **** ********************************************************************************
  12:Generated_Source\PSoC5/CharLCD_1_CustChars.c **** * Copyright 2008-2014, Cypress Semiconductor Corporation.  All rights reserved.
  13:Generated_Source\PSoC5/CharLCD_1_CustChars.c **** * You may use this file only in accordance with the license, terms, conditions,
  14:Generated_Source\PSoC5/CharLCD_1_CustChars.c **** * disclaimers, and limitations in the end user license agreement accompanying
  15:Generated_Source\PSoC5/CharLCD_1_CustChars.c **** * the software package with which this file was provided.
  16:Generated_Source\PSoC5/CharLCD_1_CustChars.c **** *******************************************************************************/
  17:Generated_Source\PSoC5/CharLCD_1_CustChars.c **** 
ARM GAS  C:\Users\shkoli\AppData\Local\Temp\ccQFiu6Y.s 			page 3


  18:Generated_Source\PSoC5/CharLCD_1_CustChars.c **** #include "CharLCD_1.h"
  19:Generated_Source\PSoC5/CharLCD_1_CustChars.c **** 
  20:Generated_Source\PSoC5/CharLCD_1_CustChars.c **** 
  21:Generated_Source\PSoC5/CharLCD_1_CustChars.c **** uint8 const CYCODE CharLCD_1_customFonts[] = \
  22:Generated_Source\PSoC5/CharLCD_1_CustChars.c **** {
  23:Generated_Source\PSoC5/CharLCD_1_CustChars.c ****     /* Character CharLCD_1_CUSTOM_0   */
  24:Generated_Source\PSoC5/CharLCD_1_CustChars.c ****         0x00u,    0x0Eu,    0x08u,    0x08u,    0x08u,    0x0Eu,    0x00u,    0x00u, \
  25:Generated_Source\PSoC5/CharLCD_1_CustChars.c ****     /* Character CharLCD_1_CUSTOM_1   */
  26:Generated_Source\PSoC5/CharLCD_1_CustChars.c ****         0x00u,    0x0Au,    0x0Au,    0x04u,    0x04u,    0x04u,    0x00u,    0x00u, \
  27:Generated_Source\PSoC5/CharLCD_1_CustChars.c ****     /* Character CharLCD_1_CUSTOM_2   */
  28:Generated_Source\PSoC5/CharLCD_1_CustChars.c ****         0x00u,    0x0Eu,    0x0Au,    0x0Eu,    0x08u,    0x08u,    0x00u,    0x00u, \
  29:Generated_Source\PSoC5/CharLCD_1_CustChars.c ****     /* Character CharLCD_1_CUSTOM_3   */
  30:Generated_Source\PSoC5/CharLCD_1_CustChars.c ****         0x00u,    0x0Eu,    0x0Au,    0x0Cu,    0x0Au,    0x0Au,    0x00u,    0x00u, \
  31:Generated_Source\PSoC5/CharLCD_1_CustChars.c ****     /* Character CharLCD_1_CUSTOM_4   */
  32:Generated_Source\PSoC5/CharLCD_1_CustChars.c ****         0x00u,    0x0Eu,    0x08u,    0x0Cu,    0x08u,    0x0Eu,    0x00u,    0x00u, \
  33:Generated_Source\PSoC5/CharLCD_1_CustChars.c ****     /* Character CharLCD_1_CUSTOM_5   */
  34:Generated_Source\PSoC5/CharLCD_1_CustChars.c ****         0x00u,    0x0Eu,    0x08u,    0x0Eu,    0x02u,    0x0Eu,    0x00u,    0x00u, \
  35:Generated_Source\PSoC5/CharLCD_1_CustChars.c ****     /* Character CharLCD_1_CUSTOM_6   */
  36:Generated_Source\PSoC5/CharLCD_1_CustChars.c ****         0x00u,    0x0Eu,    0x08u,    0x0Eu,    0x02u,    0x0Eu,    0x00u,    0x00u, \
  37:Generated_Source\PSoC5/CharLCD_1_CustChars.c ****     /* Character CharLCD_1_CUSTOM_7   */
  38:Generated_Source\PSoC5/CharLCD_1_CustChars.c ****         0x00u,    0x04u,    0x04u,    0x04u,    0x00u,    0x04u,    0x00u,    0x00u \
  39:Generated_Source\PSoC5/CharLCD_1_CustChars.c ****  };
  40:Generated_Source\PSoC5/CharLCD_1_CustChars.c **** 
  41:Generated_Source\PSoC5/CharLCD_1_CustChars.c **** 
  42:Generated_Source\PSoC5/CharLCD_1_CustChars.c **** /*******************************************************************************
  43:Generated_Source\PSoC5/CharLCD_1_CustChars.c **** * Function Name: CharLCD_1_LoadCustomFonts
  44:Generated_Source\PSoC5/CharLCD_1_CustChars.c **** ********************************************************************************
  45:Generated_Source\PSoC5/CharLCD_1_CustChars.c **** *
  46:Generated_Source\PSoC5/CharLCD_1_CustChars.c **** * Summary:
  47:Generated_Source\PSoC5/CharLCD_1_CustChars.c **** *  Loads 8 custom font characters into the LCD Module for use.  Cannot use
  48:Generated_Source\PSoC5/CharLCD_1_CustChars.c **** *  characters from two different font sets at once, but font sets can be
  49:Generated_Source\PSoC5/CharLCD_1_CustChars.c **** *  switched out during runtime.
  50:Generated_Source\PSoC5/CharLCD_1_CustChars.c **** *
  51:Generated_Source\PSoC5/CharLCD_1_CustChars.c **** * Parameters:
  52:Generated_Source\PSoC5/CharLCD_1_CustChars.c **** *  customData:  pointer to a constant array of 64 bytes representing 8 custom
  53:Generated_Source\PSoC5/CharLCD_1_CustChars.c **** *               font characters.
  54:Generated_Source\PSoC5/CharLCD_1_CustChars.c **** * Return:
  55:Generated_Source\PSoC5/CharLCD_1_CustChars.c **** *  None.
  56:Generated_Source\PSoC5/CharLCD_1_CustChars.c **** *
  57:Generated_Source\PSoC5/CharLCD_1_CustChars.c **** * Theory:
  58:Generated_Source\PSoC5/CharLCD_1_CustChars.c **** *  Prior to using this function user need to import the pointer to custom
  59:Generated_Source\PSoC5/CharLCD_1_CustChars.c **** *  font array to your project by writting the following in the source code file
  60:Generated_Source\PSoC5/CharLCD_1_CustChars.c **** *  where custom font will be used:
  61:Generated_Source\PSoC5/CharLCD_1_CustChars.c **** *       extern uint8 const CYCODE LCD_Char_customFonts[];
  62:Generated_Source\PSoC5/CharLCD_1_CustChars.c **** *  This function is not automatically called by the Start() routine and must be
  63:Generated_Source\PSoC5/CharLCD_1_CustChars.c **** *  called manually by the user.
  64:Generated_Source\PSoC5/CharLCD_1_CustChars.c **** *
  65:Generated_Source\PSoC5/CharLCD_1_CustChars.c **** *******************************************************************************/
  66:Generated_Source\PSoC5/CharLCD_1_CustChars.c **** void CharLCD_1_LoadCustomFonts(uint8 const customData[]) 
  67:Generated_Source\PSoC5/CharLCD_1_CustChars.c **** {
  98              		.loc 1 67 0
  99              		.cfi_startproc
 100              		@ args = 0, pretend = 0, frame = 16
 101              		@ frame_needed = 1, uses_anonymous_args = 0
 102 0000 80B5     		push	{r7, lr}
 103              		.cfi_def_cfa_offset 8
 104              		.cfi_offset 7, -8
ARM GAS  C:\Users\shkoli\AppData\Local\Temp\ccQFiu6Y.s 			page 4


 105              		.cfi_offset 14, -4
 106 0002 84B0     		sub	sp, sp, #16
 107              		.cfi_def_cfa_offset 24
 108 0004 00AF     		add	r7, sp, #0
 109              		.cfi_def_cfa_register 7
 110 0006 7860     		str	r0, [r7, #4]
  68:Generated_Source\PSoC5/CharLCD_1_CustChars.c ****     uint8 indexU8;
  69:Generated_Source\PSoC5/CharLCD_1_CustChars.c **** 
  70:Generated_Source\PSoC5/CharLCD_1_CustChars.c ****     CharLCD_1_IsReady();
 111              		.loc 1 70 0
 112 0008 FFF7FEFF 		bl	CharLCD_1_IsReady
  71:Generated_Source\PSoC5/CharLCD_1_CustChars.c **** 
  72:Generated_Source\PSoC5/CharLCD_1_CustChars.c ****     /* Set starting address in the LCD Module.
  73:Generated_Source\PSoC5/CharLCD_1_CustChars.c ****     * Optionally: Read the current address to restore at a later time.
  74:Generated_Source\PSoC5/CharLCD_1_CustChars.c ****     */
  75:Generated_Source\PSoC5/CharLCD_1_CustChars.c ****     CharLCD_1_WriteControl(CharLCD_1_CGRAM_0);
 113              		.loc 1 75 0
 114 000c 4020     		movs	r0, #64
 115 000e FFF7FEFF 		bl	CharLCD_1_WriteControl
  76:Generated_Source\PSoC5/CharLCD_1_CustChars.c **** 
  77:Generated_Source\PSoC5/CharLCD_1_CustChars.c ****     /* Load in the 64 bytes of CustomChar Data */
  78:Generated_Source\PSoC5/CharLCD_1_CustChars.c ****     for(indexU8 = 0u; indexU8 < CharLCD_1_CUSTOM_CHAR_SET_LEN; indexU8++)
 116              		.loc 1 78 0
 117 0012 0023     		movs	r3, #0
 118 0014 FB73     		strb	r3, [r7, #15]
 119 0016 09E0     		b	.L2
 120              	.L3:
  79:Generated_Source\PSoC5/CharLCD_1_CustChars.c ****     {
  80:Generated_Source\PSoC5/CharLCD_1_CustChars.c ****         CharLCD_1_WriteData(customData[indexU8]);
 121              		.loc 1 80 0 discriminator 3
 122 0018 FB7B     		ldrb	r3, [r7, #15]	@ zero_extendqisi2
 123 001a 7A68     		ldr	r2, [r7, #4]
 124 001c 1344     		add	r3, r3, r2
 125 001e 1B78     		ldrb	r3, [r3]	@ zero_extendqisi2
 126 0020 1846     		mov	r0, r3
 127 0022 FFF7FEFF 		bl	CharLCD_1_WriteData
  78:Generated_Source\PSoC5/CharLCD_1_CustChars.c ****     {
 128              		.loc 1 78 0 discriminator 3
 129 0026 FB7B     		ldrb	r3, [r7, #15]	@ zero_extendqisi2
 130 0028 0133     		adds	r3, r3, #1
 131 002a FB73     		strb	r3, [r7, #15]
 132              	.L2:
  78:Generated_Source\PSoC5/CharLCD_1_CustChars.c ****     {
 133              		.loc 1 78 0 is_stmt 0 discriminator 1
 134 002c FB7B     		ldrb	r3, [r7, #15]	@ zero_extendqisi2
 135 002e 3F2B     		cmp	r3, #63
 136 0030 F2D9     		bls	.L3
  81:Generated_Source\PSoC5/CharLCD_1_CustChars.c ****     }
  82:Generated_Source\PSoC5/CharLCD_1_CustChars.c **** 
  83:Generated_Source\PSoC5/CharLCD_1_CustChars.c ****     CharLCD_1_IsReady();
 137              		.loc 1 83 0 is_stmt 1
 138 0032 FFF7FEFF 		bl	CharLCD_1_IsReady
  84:Generated_Source\PSoC5/CharLCD_1_CustChars.c ****     CharLCD_1_WriteControl(CharLCD_1_DDRAM_0);
 139              		.loc 1 84 0
 140 0036 8020     		movs	r0, #128
 141 0038 FFF7FEFF 		bl	CharLCD_1_WriteControl
  85:Generated_Source\PSoC5/CharLCD_1_CustChars.c **** }
ARM GAS  C:\Users\shkoli\AppData\Local\Temp\ccQFiu6Y.s 			page 5


 142              		.loc 1 85 0
 143 003c 00BF     		nop
 144 003e 1037     		adds	r7, r7, #16
 145              		.cfi_def_cfa_offset 8
 146 0040 BD46     		mov	sp, r7
 147              		.cfi_def_cfa_register 13
 148              		@ sp needed
 149 0042 80BD     		pop	{r7, pc}
 150              		.cfi_endproc
 151              	.LFE0:
 152              		.size	CharLCD_1_LoadCustomFonts, .-CharLCD_1_LoadCustomFonts
 153              		.text
 154              	.Letext0:
 155              		.file 2 "Generated_Source\\PSoC5\\cytypes.h"
 156              		.section	.debug_info,"",%progbits
 157              	.Ldebug_info0:
 158 0000 F3000000 		.4byte	0xf3
 159 0004 0400     		.2byte	0x4
 160 0006 00000000 		.4byte	.Ldebug_abbrev0
 161 000a 04       		.byte	0x4
 162 000b 01       		.uleb128 0x1
 163 000c 00000000 		.4byte	.LASF13
 164 0010 0C       		.byte	0xc
 165 0011 1B010000 		.4byte	.LASF14
 166 0015 62010000 		.4byte	.LASF15
 167 0019 00000000 		.4byte	.Ldebug_ranges0+0
 168 001d 00000000 		.4byte	0
 169 0021 00000000 		.4byte	.Ldebug_line0
 170 0025 02       		.uleb128 0x2
 171 0026 01       		.byte	0x1
 172 0027 06       		.byte	0x6
 173 0028 34020000 		.4byte	.LASF0
 174 002c 02       		.uleb128 0x2
 175 002d 01       		.byte	0x1
 176 002e 08       		.byte	0x8
 177 002f A7000000 		.4byte	.LASF1
 178 0033 02       		.uleb128 0x2
 179 0034 02       		.byte	0x2
 180 0035 05       		.byte	0x5
 181 0036 1B020000 		.4byte	.LASF2
 182 003a 02       		.uleb128 0x2
 183 003b 02       		.byte	0x2
 184 003c 07       		.byte	0x7
 185 003d C7000000 		.4byte	.LASF3
 186 0041 02       		.uleb128 0x2
 187 0042 04       		.byte	0x4
 188 0043 05       		.byte	0x5
 189 0044 2B020000 		.4byte	.LASF4
 190 0048 02       		.uleb128 0x2
 191 0049 04       		.byte	0x4
 192 004a 07       		.byte	0x7
 193 004b B5000000 		.4byte	.LASF5
 194 004f 02       		.uleb128 0x2
 195 0050 08       		.byte	0x8
 196 0051 05       		.byte	0x5
 197 0052 08020000 		.4byte	.LASF6
 198 0056 02       		.uleb128 0x2
ARM GAS  C:\Users\shkoli\AppData\Local\Temp\ccQFiu6Y.s 			page 6


 199 0057 08       		.byte	0x8
 200 0058 07       		.byte	0x7
 201 0059 04010000 		.4byte	.LASF7
 202 005d 03       		.uleb128 0x3
 203 005e 04       		.byte	0x4
 204 005f 05       		.byte	0x5
 205 0060 696E7400 		.ascii	"int\000"
 206 0064 02       		.uleb128 0x2
 207 0065 04       		.byte	0x4
 208 0066 07       		.byte	0x7
 209 0067 F7000000 		.4byte	.LASF8
 210 006b 04       		.uleb128 0x4
 211 006c 25020000 		.4byte	.LASF16
 212 0070 02       		.byte	0x2
 213 0071 E401     		.2byte	0x1e4
 214 0073 2C000000 		.4byte	0x2c
 215 0077 02       		.uleb128 0x2
 216 0078 04       		.byte	0x4
 217 0079 04       		.byte	0x4
 218 007a A1000000 		.4byte	.LASF9
 219 007e 02       		.uleb128 0x2
 220 007f 08       		.byte	0x8
 221 0080 04       		.byte	0x4
 222 0081 F0000000 		.4byte	.LASF10
 223 0085 02       		.uleb128 0x2
 224 0086 01       		.byte	0x1
 225 0087 08       		.byte	0x8
 226 0088 16020000 		.4byte	.LASF11
 227 008c 05       		.uleb128 0x5
 228 008d 48010000 		.4byte	.LASF17
 229 0091 01       		.byte	0x1
 230 0092 42       		.byte	0x42
 231 0093 00000000 		.4byte	.LFB0
 232 0097 44000000 		.4byte	.LFE0-.LFB0
 233 009b 01       		.uleb128 0x1
 234 009c 9C       		.byte	0x9c
 235 009d BE000000 		.4byte	0xbe
 236 00a1 06       		.uleb128 0x6
 237 00a2 96000000 		.4byte	.LASF18
 238 00a6 01       		.byte	0x1
 239 00a7 42       		.byte	0x42
 240 00a8 BE000000 		.4byte	0xbe
 241 00ac 02       		.uleb128 0x2
 242 00ad 91       		.byte	0x91
 243 00ae 6C       		.sleb128 -20
 244 00af 07       		.uleb128 0x7
 245 00b0 8E000000 		.4byte	.LASF19
 246 00b4 01       		.byte	0x1
 247 00b5 44       		.byte	0x44
 248 00b6 6B000000 		.4byte	0x6b
 249 00ba 02       		.uleb128 0x2
 250 00bb 91       		.byte	0x91
 251 00bc 77       		.sleb128 -9
 252 00bd 00       		.byte	0
 253 00be 08       		.uleb128 0x8
 254 00bf 04       		.byte	0x4
 255 00c0 C4000000 		.4byte	0xc4
ARM GAS  C:\Users\shkoli\AppData\Local\Temp\ccQFiu6Y.s 			page 7


 256 00c4 09       		.uleb128 0x9
 257 00c5 6B000000 		.4byte	0x6b
 258 00c9 0A       		.uleb128 0xa
 259 00ca C4000000 		.4byte	0xc4
 260 00ce D9000000 		.4byte	0xd9
 261 00d2 0B       		.uleb128 0xb
 262 00d3 D9000000 		.4byte	0xd9
 263 00d7 3F       		.byte	0x3f
 264 00d8 00       		.byte	0
 265 00d9 02       		.uleb128 0x2
 266 00da 04       		.byte	0x4
 267 00db 07       		.byte	0x7
 268 00dc FF010000 		.4byte	.LASF12
 269 00e0 0C       		.uleb128 0xc
 270 00e1 DA000000 		.4byte	.LASF20
 271 00e5 01       		.byte	0x1
 272 00e6 15       		.byte	0x15
 273 00e7 F1000000 		.4byte	0xf1
 274 00eb 05       		.uleb128 0x5
 275 00ec 03       		.byte	0x3
 276 00ed 00000000 		.4byte	CharLCD_1_customFonts
 277 00f1 09       		.uleb128 0x9
 278 00f2 C9000000 		.4byte	0xc9
 279 00f6 00       		.byte	0
 280              		.section	.debug_abbrev,"",%progbits
 281              	.Ldebug_abbrev0:
 282 0000 01       		.uleb128 0x1
 283 0001 11       		.uleb128 0x11
 284 0002 01       		.byte	0x1
 285 0003 25       		.uleb128 0x25
 286 0004 0E       		.uleb128 0xe
 287 0005 13       		.uleb128 0x13
 288 0006 0B       		.uleb128 0xb
 289 0007 03       		.uleb128 0x3
 290 0008 0E       		.uleb128 0xe
 291 0009 1B       		.uleb128 0x1b
 292 000a 0E       		.uleb128 0xe
 293 000b 55       		.uleb128 0x55
 294 000c 17       		.uleb128 0x17
 295 000d 11       		.uleb128 0x11
 296 000e 01       		.uleb128 0x1
 297 000f 10       		.uleb128 0x10
 298 0010 17       		.uleb128 0x17
 299 0011 00       		.byte	0
 300 0012 00       		.byte	0
 301 0013 02       		.uleb128 0x2
 302 0014 24       		.uleb128 0x24
 303 0015 00       		.byte	0
 304 0016 0B       		.uleb128 0xb
 305 0017 0B       		.uleb128 0xb
 306 0018 3E       		.uleb128 0x3e
 307 0019 0B       		.uleb128 0xb
 308 001a 03       		.uleb128 0x3
 309 001b 0E       		.uleb128 0xe
 310 001c 00       		.byte	0
 311 001d 00       		.byte	0
 312 001e 03       		.uleb128 0x3
ARM GAS  C:\Users\shkoli\AppData\Local\Temp\ccQFiu6Y.s 			page 8


 313 001f 24       		.uleb128 0x24
 314 0020 00       		.byte	0
 315 0021 0B       		.uleb128 0xb
 316 0022 0B       		.uleb128 0xb
 317 0023 3E       		.uleb128 0x3e
 318 0024 0B       		.uleb128 0xb
 319 0025 03       		.uleb128 0x3
 320 0026 08       		.uleb128 0x8
 321 0027 00       		.byte	0
 322 0028 00       		.byte	0
 323 0029 04       		.uleb128 0x4
 324 002a 16       		.uleb128 0x16
 325 002b 00       		.byte	0
 326 002c 03       		.uleb128 0x3
 327 002d 0E       		.uleb128 0xe
 328 002e 3A       		.uleb128 0x3a
 329 002f 0B       		.uleb128 0xb
 330 0030 3B       		.uleb128 0x3b
 331 0031 05       		.uleb128 0x5
 332 0032 49       		.uleb128 0x49
 333 0033 13       		.uleb128 0x13
 334 0034 00       		.byte	0
 335 0035 00       		.byte	0
 336 0036 05       		.uleb128 0x5
 337 0037 2E       		.uleb128 0x2e
 338 0038 01       		.byte	0x1
 339 0039 3F       		.uleb128 0x3f
 340 003a 19       		.uleb128 0x19
 341 003b 03       		.uleb128 0x3
 342 003c 0E       		.uleb128 0xe
 343 003d 3A       		.uleb128 0x3a
 344 003e 0B       		.uleb128 0xb
 345 003f 3B       		.uleb128 0x3b
 346 0040 0B       		.uleb128 0xb
 347 0041 27       		.uleb128 0x27
 348 0042 19       		.uleb128 0x19
 349 0043 11       		.uleb128 0x11
 350 0044 01       		.uleb128 0x1
 351 0045 12       		.uleb128 0x12
 352 0046 06       		.uleb128 0x6
 353 0047 40       		.uleb128 0x40
 354 0048 18       		.uleb128 0x18
 355 0049 9642     		.uleb128 0x2116
 356 004b 19       		.uleb128 0x19
 357 004c 01       		.uleb128 0x1
 358 004d 13       		.uleb128 0x13
 359 004e 00       		.byte	0
 360 004f 00       		.byte	0
 361 0050 06       		.uleb128 0x6
 362 0051 05       		.uleb128 0x5
 363 0052 00       		.byte	0
 364 0053 03       		.uleb128 0x3
 365 0054 0E       		.uleb128 0xe
 366 0055 3A       		.uleb128 0x3a
 367 0056 0B       		.uleb128 0xb
 368 0057 3B       		.uleb128 0x3b
 369 0058 0B       		.uleb128 0xb
ARM GAS  C:\Users\shkoli\AppData\Local\Temp\ccQFiu6Y.s 			page 9


 370 0059 49       		.uleb128 0x49
 371 005a 13       		.uleb128 0x13
 372 005b 02       		.uleb128 0x2
 373 005c 18       		.uleb128 0x18
 374 005d 00       		.byte	0
 375 005e 00       		.byte	0
 376 005f 07       		.uleb128 0x7
 377 0060 34       		.uleb128 0x34
 378 0061 00       		.byte	0
 379 0062 03       		.uleb128 0x3
 380 0063 0E       		.uleb128 0xe
 381 0064 3A       		.uleb128 0x3a
 382 0065 0B       		.uleb128 0xb
 383 0066 3B       		.uleb128 0x3b
 384 0067 0B       		.uleb128 0xb
 385 0068 49       		.uleb128 0x49
 386 0069 13       		.uleb128 0x13
 387 006a 02       		.uleb128 0x2
 388 006b 18       		.uleb128 0x18
 389 006c 00       		.byte	0
 390 006d 00       		.byte	0
 391 006e 08       		.uleb128 0x8
 392 006f 0F       		.uleb128 0xf
 393 0070 00       		.byte	0
 394 0071 0B       		.uleb128 0xb
 395 0072 0B       		.uleb128 0xb
 396 0073 49       		.uleb128 0x49
 397 0074 13       		.uleb128 0x13
 398 0075 00       		.byte	0
 399 0076 00       		.byte	0
 400 0077 09       		.uleb128 0x9
 401 0078 26       		.uleb128 0x26
 402 0079 00       		.byte	0
 403 007a 49       		.uleb128 0x49
 404 007b 13       		.uleb128 0x13
 405 007c 00       		.byte	0
 406 007d 00       		.byte	0
 407 007e 0A       		.uleb128 0xa
 408 007f 01       		.uleb128 0x1
 409 0080 01       		.byte	0x1
 410 0081 49       		.uleb128 0x49
 411 0082 13       		.uleb128 0x13
 412 0083 01       		.uleb128 0x1
 413 0084 13       		.uleb128 0x13
 414 0085 00       		.byte	0
 415 0086 00       		.byte	0
 416 0087 0B       		.uleb128 0xb
 417 0088 21       		.uleb128 0x21
 418 0089 00       		.byte	0
 419 008a 49       		.uleb128 0x49
 420 008b 13       		.uleb128 0x13
 421 008c 2F       		.uleb128 0x2f
 422 008d 0B       		.uleb128 0xb
 423 008e 00       		.byte	0
 424 008f 00       		.byte	0
 425 0090 0C       		.uleb128 0xc
 426 0091 34       		.uleb128 0x34
ARM GAS  C:\Users\shkoli\AppData\Local\Temp\ccQFiu6Y.s 			page 10


 427 0092 00       		.byte	0
 428 0093 03       		.uleb128 0x3
 429 0094 0E       		.uleb128 0xe
 430 0095 3A       		.uleb128 0x3a
 431 0096 0B       		.uleb128 0xb
 432 0097 3B       		.uleb128 0x3b
 433 0098 0B       		.uleb128 0xb
 434 0099 49       		.uleb128 0x49
 435 009a 13       		.uleb128 0x13
 436 009b 3F       		.uleb128 0x3f
 437 009c 19       		.uleb128 0x19
 438 009d 02       		.uleb128 0x2
 439 009e 18       		.uleb128 0x18
 440 009f 00       		.byte	0
 441 00a0 00       		.byte	0
 442 00a1 00       		.byte	0
 443              		.section	.debug_aranges,"",%progbits
 444 0000 1C000000 		.4byte	0x1c
 445 0004 0200     		.2byte	0x2
 446 0006 00000000 		.4byte	.Ldebug_info0
 447 000a 04       		.byte	0x4
 448 000b 00       		.byte	0
 449 000c 0000     		.2byte	0
 450 000e 0000     		.2byte	0
 451 0010 00000000 		.4byte	.LFB0
 452 0014 44000000 		.4byte	.LFE0-.LFB0
 453 0018 00000000 		.4byte	0
 454 001c 00000000 		.4byte	0
 455              		.section	.debug_ranges,"",%progbits
 456              	.Ldebug_ranges0:
 457 0000 00000000 		.4byte	.LFB0
 458 0004 44000000 		.4byte	.LFE0
 459 0008 00000000 		.4byte	0
 460 000c 00000000 		.4byte	0
 461              		.section	.debug_line,"",%progbits
 462              	.Ldebug_line0:
 463 0000 7D000000 		.section	.debug_str,"MS",%progbits,1
 463      02005000 
 463      00000201 
 463      FB0E0D00 
 463      01010101 
 464              	.LASF13:
 465 0000 474E5520 		.ascii	"GNU C11 5.4.1 20160609 (release) [ARM/embedded-5-br"
 465      43313120 
 465      352E342E 
 465      31203230 
 465      31363036 
 466 0033 616E6368 		.ascii	"anch revision 237715] -mcpu=cortex-m3 -mthumb -g -O"
 466      20726576 
 466      6973696F 
 466      6E203233 
 466      37373135 
 467 0066 30202D66 		.ascii	"0 -ffunction-sections -ffat-lto-objects\000"
 467      66756E63 
 467      74696F6E 
 467      2D736563 
 467      74696F6E 
ARM GAS  C:\Users\shkoli\AppData\Local\Temp\ccQFiu6Y.s 			page 11


 468              	.LASF19:
 469 008e 696E6465 		.ascii	"indexU8\000"
 469      78553800 
 470              	.LASF18:
 471 0096 63757374 		.ascii	"customData\000"
 471      6F6D4461 
 471      746100
 472              	.LASF9:
 473 00a1 666C6F61 		.ascii	"float\000"
 473      7400
 474              	.LASF1:
 475 00a7 756E7369 		.ascii	"unsigned char\000"
 475      676E6564 
 475      20636861 
 475      7200
 476              	.LASF5:
 477 00b5 6C6F6E67 		.ascii	"long unsigned int\000"
 477      20756E73 
 477      69676E65 
 477      6420696E 
 477      7400
 478              	.LASF3:
 479 00c7 73686F72 		.ascii	"short unsigned int\000"
 479      7420756E 
 479      7369676E 
 479      65642069 
 479      6E7400
 480              	.LASF20:
 481 00da 43686172 		.ascii	"CharLCD_1_customFonts\000"
 481      4C43445F 
 481      315F6375 
 481      73746F6D 
 481      466F6E74 
 482              	.LASF10:
 483 00f0 646F7562 		.ascii	"double\000"
 483      6C6500
 484              	.LASF8:
 485 00f7 756E7369 		.ascii	"unsigned int\000"
 485      676E6564 
 485      20696E74 
 485      00
 486              	.LASF7:
 487 0104 6C6F6E67 		.ascii	"long long unsigned int\000"
 487      206C6F6E 
 487      6720756E 
 487      7369676E 
 487      65642069 
 488              	.LASF14:
 489 011b 47656E65 		.ascii	"Generated_Source\\PSoC5\\CharLCD_1_CustChars.c\000"
 489      72617465 
 489      645F536F 
 489      75726365 
 489      5C50536F 
 490              	.LASF17:
 491 0148 43686172 		.ascii	"CharLCD_1_LoadCustomFonts\000"
 491      4C43445F 
 491      315F4C6F 
ARM GAS  C:\Users\shkoli\AppData\Local\Temp\ccQFiu6Y.s 			page 12


 491      61644375 
 491      73746F6D 
 492              	.LASF15:
 493 0162 433A5C55 		.ascii	"C:\\Users\\shkoli\\Documents\\PSoC Creator\\CE22279"
 493      73657273 
 493      5C73686B 
 493      6F6C695C 
 493      446F6375 
 494 0190 335F4D6F 		.ascii	"3_MotionSensor_RTOS\\CE218138_BLE_Thermometer_RTOS\\"
 494      74696F6E 
 494      53656E73 
 494      6F725F52 
 494      544F535C 
 495 01c2 61646370 		.ascii	"adcpsoc5\\voltageDisplay_SAR_ADC\\VoltageDisplay_SA"
 495      736F6335 
 495      5C766F6C 
 495      74616765 
 495      44697370 
 496 01f3 525F4144 		.ascii	"R_ADC.cydsn\000"
 496      432E6379 
 496      64736E00 
 497              	.LASF12:
 498 01ff 73697A65 		.ascii	"sizetype\000"
 498      74797065 
 498      00
 499              	.LASF6:
 500 0208 6C6F6E67 		.ascii	"long long int\000"
 500      206C6F6E 
 500      6720696E 
 500      7400
 501              	.LASF11:
 502 0216 63686172 		.ascii	"char\000"
 502      00
 503              	.LASF2:
 504 021b 73686F72 		.ascii	"short int\000"
 504      7420696E 
 504      7400
 505              	.LASF16:
 506 0225 75696E74 		.ascii	"uint8\000"
 506      3800
 507              	.LASF4:
 508 022b 6C6F6E67 		.ascii	"long int\000"
 508      20696E74 
 508      00
 509              	.LASF0:
 510 0234 7369676E 		.ascii	"signed char\000"
 510      65642063 
 510      68617200 
 511              		.ident	"GCC: (GNU Tools for ARM Embedded Processors) 5.4.1 20160609 (release) [ARM/embedded-5-bran
